../Core/Src/ApplicationCode.c:24:6:ApplicationInit	8	static
../Core/Src/ApplicationCode.c:41:6:LCD_Visual_Demo	8	static
../Core/Src/ApplicationCode.c:47:6:LCD_Touch_Polling_Demo	8	static
../Core/Src/ApplicationCode.c:66:13:fillRect	32	static
../Core/Src/ApplicationCode.c:79:6:showMenu	24	static
../Core/Src/ApplicationCode.c:114:10:menuLoop	24	static
../Core/Src/ApplicationCode.c:157:13:drawBoard	48	static
../Core/Src/ApplicationCode.c:181:13:drawHoverCoin	32	static
../Core/Src/ApplicationCode.c:195:13:placeCoin	40	static
../Core/Src/ApplicationCode.c:210:13:showWinScreen	64	static
../Core/Src/ApplicationCode.c:231:13:checkWin	80	static
../Core/Src/ApplicationCode.c:258:13:finalScreen	144	static
../Core/Src/ApplicationCode.c:331:13:checkTie	16	static
../Core/Src/ApplicationCode.c:340:6:playLoop	56	static
