../Core/Src/ApplicationCode.c:19:6:ApplicationInit	8	static
../Core/Src/ApplicationCode.c:36:6:LCD_Visual_Demo	8	static
../Core/Src/ApplicationCode.c:42:6:LCD_Touch_Polling_Demo	8	static
../Core/Src/ApplicationCode.c:61:13:fillRect	32	static
../Core/Src/ApplicationCode.c:74:6:showMenu	24	static
../Core/Src/ApplicationCode.c:109:10:menuLoop	24	static
../Core/Src/ApplicationCode.c:152:13:drawBoard	48	static
../Core/Src/ApplicationCode.c:176:13:drawHoverCoin	32	static
../Core/Src/ApplicationCode.c:190:13:placeCoin	40	static
../Core/Src/ApplicationCode.c:207:6:playLoop	48	static
