Archive member included to satisfy reference by file (symbol)

/Applications/STM32CubeIDE.app/Contents/Eclipse/plugins/com.st.stm32cube.ide.mcu.externaltools.gnu-tools-for-stm32.12.3.rel1.macos64_1.1.0.202410301201/tools/bin/../lib/gcc/arm-none-eabi/12.3.1/../../../../arm-none-eabi/lib/thumb/v7e-m+fp/hard/libc_nano.a(libc_a-exit.o)
                              /Applications/STM32CubeIDE.app/Contents/Eclipse/plugins/com.st.stm32cube.ide.mcu.externaltools.gnu-tools-for-stm32.12.3.rel1.macos64_1.1.0.202410301201/tools/bin/../lib/gcc/arm-none-eabi/12.3.1/../../../../arm-none-eabi/lib/thumb/v7e-m+fp/hard/crt0.o (exit)
/Applications/STM32CubeIDE.app/Contents/Eclipse/plugins/com.st.stm32cube.ide.mcu.externaltools.gnu-tools-for-stm32.12.3.rel1.macos64_1.1.0.202410301201/tools/bin/../lib/gcc/arm-none-eabi/12.3.1/../../../../arm-none-eabi/lib/thumb/v7e-m+fp/hard/libc_nano.a(libc_a-sprintf.o)
                              ./Core/Src/ApplicationCode.o (sprintf)
/Applications/STM32CubeIDE.app/Contents/Eclipse/plugins/com.st.stm32cube.ide.mcu.externaltools.gnu-tools-for-stm32.12.3.rel1.macos64_1.1.0.202410301201/tools/bin/../lib/gcc/arm-none-eabi/12.3.1/../../../../arm-none-eabi/lib/thumb/v7e-m+fp/hard/libc_nano.a(libc_a-findfp.o)
                              /Applications/STM32CubeIDE.app/Contents/Eclipse/plugins/com.st.stm32cube.ide.mcu.externaltools.gnu-tools-for-stm32.12.3.rel1.macos64_1.1.0.202410301201/tools/bin/../lib/gcc/arm-none-eabi/12.3.1/../../../../arm-none-eabi/lib/thumb/v7e-m+fp/hard/libc_nano.a(libc_a-exit.o) (__stdio_exit_handler)
/Applications/STM32CubeIDE.app/Contents/Eclipse/plugins/com.st.stm32cube.ide.mcu.externaltools.gnu-tools-for-stm32.12.3.rel1.macos64_1.1.0.202410301201/tools/bin/../lib/gcc/arm-none-eabi/12.3.1/../../../../arm-none-eabi/lib/thumb/v7e-m+fp/hard/libc_nano.a(libc_a-fwalk.o)
                              /Applications/STM32CubeIDE.app/Contents/Eclipse/plugins/com.st.stm32cube.ide.mcu.externaltools.gnu-tools-for-stm32.12.3.rel1.macos64_1.1.0.202410301201/tools/bin/../lib/gcc/arm-none-eabi/12.3.1/../../../../arm-none-eabi/lib/thumb/v7e-m+fp/hard/libc_nano.a(libc_a-findfp.o) (_fwalk_sglue)
/Applications/STM32CubeIDE.app/Contents/Eclipse/plugins/com.st.stm32cube.ide.mcu.externaltools.gnu-tools-for-stm32.12.3.rel1.macos64_1.1.0.202410301201/tools/bin/../lib/gcc/arm-none-eabi/12.3.1/../../../../arm-none-eabi/lib/thumb/v7e-m+fp/hard/libc_nano.a(libc_a-printf.o)
                              ./Core/Src/ApplicationCode.o (printf)
/Applications/STM32CubeIDE.app/Contents/Eclipse/plugins/com.st.stm32cube.ide.mcu.externaltools.gnu-tools-for-stm32.12.3.rel1.macos64_1.1.0.202410301201/tools/bin/../lib/gcc/arm-none-eabi/12.3.1/../../../../arm-none-eabi/lib/thumb/v7e-m+fp/hard/libc_nano.a(libc_a-puts.o)
                              ./Core/Src/ApplicationCode.o (puts)
/Applications/STM32CubeIDE.app/Contents/Eclipse/plugins/com.st.stm32cube.ide.mcu.externaltools.gnu-tools-for-stm32.12.3.rel1.macos64_1.1.0.202410301201/tools/bin/../lib/gcc/arm-none-eabi/12.3.1/../../../../arm-none-eabi/lib/thumb/v7e-m+fp/hard/libc_nano.a(libc_a-memset.o)
                              /Applications/STM32CubeIDE.app/Contents/Eclipse/plugins/com.st.stm32cube.ide.mcu.externaltools.gnu-tools-for-stm32.12.3.rel1.macos64_1.1.0.202410301201/tools/bin/../lib/gcc/arm-none-eabi/12.3.1/../../../../arm-none-eabi/lib/thumb/v7e-m+fp/hard/crt0.o (memset)
/Applications/STM32CubeIDE.app/Contents/Eclipse/plugins/com.st.stm32cube.ide.mcu.externaltools.gnu-tools-for-stm32.12.3.rel1.macos64_1.1.0.202410301201/tools/bin/../lib/gcc/arm-none-eabi/12.3.1/../../../../arm-none-eabi/lib/thumb/v7e-m+fp/hard/libc_nano.a(libc_a-impure.o)
                              /Applications/STM32CubeIDE.app/Contents/Eclipse/plugins/com.st.stm32cube.ide.mcu.externaltools.gnu-tools-for-stm32.12.3.rel1.macos64_1.1.0.202410301201/tools/bin/../lib/gcc/arm-none-eabi/12.3.1/../../../../arm-none-eabi/lib/thumb/v7e-m+fp/hard/libc_nano.a(libc_a-sprintf.o) (_impure_ptr)
/Applications/STM32CubeIDE.app/Contents/Eclipse/plugins/com.st.stm32cube.ide.mcu.externaltools.gnu-tools-for-stm32.12.3.rel1.macos64_1.1.0.202410301201/tools/bin/../lib/gcc/arm-none-eabi/12.3.1/../../../../arm-none-eabi/lib/thumb/v7e-m+fp/hard/libc_nano.a(libc_a-errno.o)
                              ./Core/Src/syscalls.o (__errno)
/Applications/STM32CubeIDE.app/Contents/Eclipse/plugins/com.st.stm32cube.ide.mcu.externaltools.gnu-tools-for-stm32.12.3.rel1.macos64_1.1.0.202410301201/tools/bin/../lib/gcc/arm-none-eabi/12.3.1/../../../../arm-none-eabi/lib/thumb/v7e-m+fp/hard/libc_nano.a(libc_a-init.o)
                              /Applications/STM32CubeIDE.app/Contents/Eclipse/plugins/com.st.stm32cube.ide.mcu.externaltools.gnu-tools-for-stm32.12.3.rel1.macos64_1.1.0.202410301201/tools/bin/../lib/gcc/arm-none-eabi/12.3.1/../../../../arm-none-eabi/lib/thumb/v7e-m+fp/hard/crt0.o (__libc_init_array)
[...]
Memory Configuration

Name             Origin             Length             Attributes
CCMRAM           0x10000000         0x00010000         xrw
RAM              0x20000000         0x00030000         xrw
FLASH            0x08000000         0x00200000         xr
*default*        0x00000000         0xffffffff

Linker script and memory map

LOAD /Applications/STM32CubeIDE.app/Contents/Eclipse/plugins/com.st.stm32cube.ide.mcu.externaltools.gnu-tools-for-stm32.12.3.rel1.macos64_1.1.0.202410301201/tools/bin/../lib/gcc/arm-none-eabi/12.3.1/thumb/v7e-m+fp/hard/crti.o
LOAD /Applications/STM32CubeIDE.app/Contents/Eclipse/plugins/com.st.stm32cube.ide.mcu.externaltools.gnu-tools-for-stm32.12.3.rel1.macos64_1.1.0.202410301201/tools/bin/../lib/gcc/arm-none-eabi/12.3.1/thumb/v7e-m+fp/hard/crtbegin.o
LOAD /Applications/STM32CubeIDE.app/Contents/Eclipse/plugins/com.st.stm32cube.ide.mcu.externaltools.gnu-tools-for-stm32.12.3.rel1.macos64_1.1.0.202410301201/tools/bin/../lib/gcc/arm-none-eabi/12.3.1/../../../../arm-none-eabi/lib/thumb/v7e-m+fp/hard/crt0.o
LOAD ./Core/Src/ApplicationCode.o
LOAD ./Core/Src/LCD_Driver.o
LOAD ./Core/Src/fonts.o
LOAD ./Core/Src/ili9341.o
LOAD ./Core/Src/main.o
LOAD ./Core/Src/stm32f4xx_hal_msp.o
LOAD ./Core/Src/stm32f4xx_it.o
LOAD ./Core/Src/stmpe811.o
LOAD ./Core/Src/syscalls.o
LOAD ./Core/Src/sysmem.o
LOAD ./Core/Src/system_stm32f4xx.o
LOAD ./Core/Startup/startup_stm32f429zitx.o
LOAD ./Drivers/STM32F4xx_HAL_Driver/Src/stm32f4xx_hal.o
LOAD ./Drivers/STM32F4xx_HAL_Driver/Src/stm32f4xx_hal_cortex.o
LOAD ./Drivers/STM32F4xx_HAL_Driver/Src/stm32f4xx_hal_dma.o
LOAD ./Drivers/STM32F4xx_HAL_Driver/Src/stm32f4xx_hal_dma_ex.o
LOAD ./Drivers/STM32F4xx_HAL_Driver/Src/stm32f4xx_hal_dsi.o
LOAD ./Drivers/STM32F4xx_HAL_Driver/Src/stm32f4xx_hal_exti.o
LOAD ./Drivers/STM32F4xx_HAL_Driver/Src/stm32f4xx_hal_flash.o
LOAD ./Drivers/STM32F4xx_HAL_Driver/Src/stm32f4xx_hal_flash_ex.o
LOAD ./Drivers/STM32F4xx_HAL_Driver/Src/stm32f4xx_hal_flash_ramfunc.o
LOAD ./Drivers/STM32F4xx_HAL_Driver/Src/stm32f4xx_hal_gpio.o
LOAD ./Drivers/STM32F4xx_HAL_Driver/Src/stm32f4xx_hal_i2c.o
LOAD ./Drivers/STM32F4xx_HAL_Driver/Src/stm32f4xx_hal_i2c_ex.o
LOAD ./Drivers/STM32F4xx_HAL_Driver/Src/stm32f4xx_hal_ltdc.o
LOAD ./Drivers/STM32F4xx_HAL_Driver/Src/stm32f4xx_hal_ltdc_ex.o
LOAD ./Drivers/STM32F4xx_HAL_Driver/Src/stm32f4xx_hal_pwr.o
LOAD ./Drivers/STM32F4xx_HAL_Driver/Src/stm32f4xx_hal_pwr_ex.o
LOAD ./Drivers/STM32F4xx_HAL_Driver/Src/stm32f4xx_hal_rcc.o
LOAD ./Drivers/STM32F4xx_HAL_Driver/Src/stm32f4xx_hal_rcc_ex.o
LOAD ./Drivers/STM32F4xx_HAL_Driver/Src/stm32f4xx_hal_rng.o
LOAD ./Drivers/STM32F4xx_HAL_Driver/Src/stm32f4xx_hal_spi.o
LOAD ./Drivers/STM32F4xx_HAL_Driver/Src/stm32f4xx_hal_tim.o
LOAD ./Drivers/STM32F4xx_HAL_Driver/Src/stm32f4xx_hal_tim_ex.o
START GROUP
LOAD /Applications/STM32CubeIDE.app/Contents/Eclipse/plugins/com.st.stm32cube.ide.mcu.externaltools.gnu-tools-for-stm32.12.3.rel1.macos64_1.1.0.202410301201/tools/bin/../lib/gcc/arm-none-eabi/12.3.1/../../../../arm-none-eabi/lib/thumb/v7e-m+fp/hard/libc_nano.a
LOAD /Applications/STM32CubeIDE.app/Contents/Eclipse/plugins/com.st.stm32cube.ide.mcu.externaltools.gnu-tools-for-stm32.12.3.rel1.macos64_1.1.0.202410301201/tools/bin/../lib/gcc/arm-none-eabi/12.3.1/../../../../arm-none-eabi/lib/thumb/v7e-m+fp/hard/libm.a
END GROUP
START GROUP
LOAD /Applications/STM32CubeIDE.app/Contents/Eclipse/plugins/com.st.stm32cube.ide.mcu.externaltools.gnu-tools-for-stm32.12.3.rel1.macos64_1.1.0.202410301201/tools/bin/../lib/gcc/arm-none-eabi/12.3.1/thumb/v7e-m+fp/hard/libgcc.a
LOAD /Applications/STM32CubeIDE.app/Contents/Eclipse/plugins/com.st.stm32cube.ide.mcu.externaltools.gnu-tools-for-stm32.12.3.rel1.macos64_1.1.0.202410301201/tools/bin/../lib/gcc/arm-none-eabi/12.3.1/../../../../arm-none-eabi/lib/thumb/v7e-m+fp/hard/libc_nano.a
END GROUP
START GROUP
LOAD /Applications/STM32CubeIDE.app/Contents/Eclipse/plugins/com.st.stm32cube.ide.mcu.externaltools.gnu-tools-for-stm32.12.3.rel1.macos64_1.1.0.202410301201/tools/bin/../lib/gcc/arm-none-eabi/12.3.1/thumb/v7e-m+fp/hard/libgcc.a
LOAD /Applications/STM32CubeIDE.app/Contents/Eclipse/plugins/com.st.stm32cube.ide.mcu.externaltools.gnu-tools-for-stm32.12.3.rel1.macos64_1.1.0.202410301201/tools/bin/../lib/gcc/arm-none-eabi/12.3.1/../../../../arm-none-eabi/lib/thumb/v7e-m+fp/hard/libc_nano.a
LOAD /Applications/STM32CubeIDE.app/Contents/Eclipse/plugins/com.st.stm32cube.ide.mcu.externaltools.gnu-tools-for-stm32.12.3.rel1.macos64_1.1.0.202410301201/tools/bin/../lib/gcc/arm-none-eabi/12.3.1/../../../../arm-none-eabi/lib/thumb/v7e-m+fp/hard/libnosys.a
END GROUP
START GROUP
LOAD /Applications/STM32CubeIDE.app/Contents/Eclipse/plugins/com.st.stm32cube.ide.mcu.externaltools.gnu-tools-for-stm32.12.3.rel1.macos64_1.1.0.202410301201/tools/bin/../lib/gcc/arm-none-eabi/12.3.1/thumb/v7e-m+fp/hard/libgcc.a
LOAD /Applications/STM32CubeIDE.app/Contents/Eclipse/plugins/com.st.stm32cube.ide.mcu.externaltools.gnu-tools-for-stm32.12.3.rel1.macos64_1.1.0.202410301201/tools/bin/../lib/gcc/arm-none-eabi/12.3.1/../../../../arm-none-eabi/lib/thumb/v7e-m+fp/hard/libc_nano.a
LOAD /Applications/STM32CubeIDE.app/Contents/Eclipse/plugins/com.st.stm32cube.ide.mcu.externaltools.gnu-tools-for-stm32.12.3.rel1.macos64_1.1.0.202410301201/tools/bin/../lib/gcc/arm-none-eabi/12.3.1/../../../../arm-none-eabi/lib/thumb/v7e-m+fp/hard/libnosys.a
END GROUP
LOAD /Applications/STM32CubeIDE.app/Contents/Eclipse/plugins/com.st.stm32cube.ide.mcu.externaltools.gnu-tools-for-stm32.12.3.rel1.macos64_1.1.0.202410301201/tools/bin/../lib/gcc/arm-none-eabi/12.3.1/thumb/v7e-m+fp/hard/crtend.o
LOAD /Applications/STM32CubeIDE.app/Contents/Eclipse/plugins/com.st.stm32cube.ide.mcu.externaltools.gnu-tools-for-stm32.12.3.rel1.macos64_1.1.0.202410301201/tools/bin/../lib/gcc/arm-none-eabi/12.3.1/thumb/v7e-m+fp/hard/crtn.o
                0x20030000                        _estack = (ORIGIN (RAM) + LENGTH (RAM))
                0x00000200                        _Min_Heap_Size = 0x200
                0x00000400                        _Min_Stack_Size = 0x400

.isr_vector     0x08000000      0x1ac
                0x08000000                        . = ALIGN (0x4)
 *(.isr_vector)
 .isr_vector    0x08000000      0x1ac ./Core/Startup/startup_stm32f429zitx.o
                0x08000000                g_pfnVectors
                0x080001ac                        . = ALIGN (0x4)

.text           0x080001b0     0x6f28
                0x080001b0                        . = ALIGN (0x4)
 *(.text)
 .text          0x080001b0       0x40 /Applications/STM32CubeIDE.app/Contents/Eclipse/plugins/com.st.stm32cube.ide.mcu.externaltools.gnu-tools-for-stm32.12.3.rel1.macos64_1.1.0.202410301201/tools/bin/../lib/gcc/arm-none-eabi/12.3.1/thumb/v7e-m+fp/hard/crtbegin.o
 .text          0x080001f0       0x10 /Applications/STM32CubeIDE.app/Contents/Eclipse/plugins/com.st.stm32cube.ide.mcu.externaltools.gnu-tools-for-stm32.12.3.rel1.macos64_1.1.0.202410301201/tools/bin/../lib/gcc/arm-none-eabi/12.3.1/../../../../arm-none-eabi/lib/thumb/v7e-m+fp/hard/libc_nano.a(libc_a-strlen.o)
                0x080001f0                strlen
 .text          0x08000200       0xa0 /Applications/STM32CubeIDE.app/Contents/Eclipse/plugins/com.st.stm32cube.ide.mcu.externaltools.gnu-tools-for-stm32.12.3.rel1.macos64_1.1.0.202410301201/tools/bin/../lib/gcc/arm-none-eabi/12.3.1/../../../../arm-none-eabi/lib/thumb/v7e-m+fp/hard/libc_nano.a(libc_a-memchr.o)
                0x08000200                memchr
 .text          0x080002a0       0x30 /Applications/STM32CubeIDE.app/Contents/Eclipse/plugins/com.st.stm32cube.ide.mcu.externaltools.gnu-tools-for-stm32.12.3.rel1.macos64_1.1.0.202410301201/tools/bin/../lib/gcc/arm-none-eabi/12.3.1/thumb/v7e-m+fp/hard/libgcc.a(_aeabi_uldivmod.o)
                0x080002a0                __aeabi_uldivmod
 .text          0x080002d0      0x2bc /Applications/STM32CubeIDE.app/Contents/Eclipse/plugins/com.st.stm32cube.ide.mcu.externaltools.gnu-tools-for-stm32.12.3.rel1.macos64_1.1.0.202410301201/tools/bin/../lib/gcc/arm-none-eabi/12.3.1/thumb/v7e-m+fp/hard/libgcc.a(_udivmoddi4.o)
                0x080002d0                __udivmoddi4
 .text          0x0800058c        0x4 /Applications/STM32CubeIDE.app/Contents/Eclipse/plugins/com.st.stm32cube.ide.mcu.externaltools.gnu-tools-for-stm32.12.3.rel1.macos64_1.1.0.202410301201/tools/bin/../lib/gcc/arm-none-eabi/12.3.1/thumb/v7e-m+fp/hard/libgcc.a(_dvmd_tls.o)
                0x0800058c                __aeabi_ldiv0
                0x0800058c                __aeabi_idiv0
 *(.text*)
 .text.ApplicationInit
                0x08000590       0x30 ./Core/Src/ApplicationCode.o
                0x08000590                ApplicationInit
 .text.fillRect
                0x080005c0       0x64 ./Core/Src/ApplicationCode.o
 .text.showMenu
                0x08000624       0xbc ./Core/Src/ApplicationCode.o
                0x08000624                showMenu
 .text.menuLoop
                0x080006e0       0x78 ./Core/Src/ApplicationCode.o
                0x080006e0                menuLoop
 .text.drawBoard
                0x08000758       0xf2 ./Core/Src/ApplicationCode.o
 *fill*         0x0800084a        0x2 
 .text.drawHoverCoin
                0x0800084c       0x80 ./Core/Src/ApplicationCode.o
 .text.placeCoin
                0x080008cc       0xa0 ./Core/Src/ApplicationCode.o
 .text.checkWin
                0x0800096c      0x118 ./Core/Src/ApplicationCode.o
 .text.finalScreen
                0x08000a84      0x370 ./Core/Src/ApplicationCode.o
 .text.checkTie
                0x08000df4       0x58 ./Core/Src/ApplicationCode.o
 .text.playLoop
                0x08000e4c      0x208 ./Core/Src/ApplicationCode.o
                0x08000e4c                playLoop
 .text.LCD_GPIO_Init
                0x08001054      0x190 ./Core/Src/LCD_Driver.o
                0x08001054                LCD_GPIO_Init
 .text.LTCD_Layer_Init
                0x080011e4       0x80 ./Core/Src/LCD_Driver.o
                0x080011e4                LTCD_Layer_Init
 .text.LTCD__Init
                0x08001264       0xbc ./Core/Src/LCD_Driver.o
                0x08001264                LTCD__Init
 .text.LCD_Draw_Pixel
                0x08001320       0x3c ./Core/Src/LCD_Driver.o
                0x08001320                LCD_Draw_Pixel
 .text.LCD_Draw_Circle_Fill
                0x0800135c       0xa6 ./Core/Src/LCD_Driver.o
                0x0800135c                LCD_Draw_Circle_Fill
 .text.LCD_Draw_Vertical_Line
                0x08001402       0x4e ./Core/Src/LCD_Driver.o
                0x08001402                LCD_Draw_Vertical_Line
 .text.LCD_Clear
                0x08001450       0x44 ./Core/Src/LCD_Driver.o
                0x08001450                LCD_Clear
 .text.LCD_SetTextColor
                0x08001494       0x20 ./Core/Src/LCD_Driver.o
                0x08001494                LCD_SetTextColor
 .text.LCD_SetFont
                0x080014b4       0x20 ./Core/Src/LCD_Driver.o
                0x080014b4                LCD_SetFont
 .text.LCD_Draw_Char
                0x080014d4       0xdc ./Core/Src/LCD_Driver.o
                0x080014d4                LCD_Draw_Char
 .text.LCD_DisplayChar
                0x080015b0       0x44 ./Core/Src/LCD_Driver.o
                0x080015b0                LCD_DisplayChar
 .text.LCD_Error_Handler
                0x080015f4        0xc ./Core/Src/LCD_Driver.o
                0x080015f4                LCD_Error_Handler
 .text.InitializeLCDTouch
                0x08001600       0x16 ./Core/Src/LCD_Driver.o
                0x08001600                InitializeLCDTouch
 .text.ili9341_Init
                0x08001616      0x294 ./Core/Src/ili9341.o
                0x08001616                ili9341_Init
 .text.ili9341_Write_Reg
                0x080018aa       0x1a ./Core/Src/ili9341.o
                0x080018aa                ili9341_Write_Reg
 .text.ili9341_Send_Data
                0x080018c4       0x1a ./Core/Src/ili9341.o
                0x080018c4                ili9341_Send_Data
 *fill*         0x080018de        0x2 
 .text.SPI_Init
                0x080018e0       0x74 ./Core/Src/ili9341.o
 .text.SPI_Write
                0x08001954       0x3c ./Core/Src/ili9341.o
 .text.SPI_Error
                0x08001990       0x18 ./Core/Src/ili9341.o
 .text.SPI_MspInit
                0x080019a8       0x74 ./Core/Src/ili9341.o
 .text.LCD_IO_Init
                0x08001a1c       0xf0 ./Core/Src/ili9341.o
                0x08001a1c                LCD_IO_Init
 .text.LCD_IO_WriteData
                0x08001b0c       0x44 ./Core/Src/ili9341.o
                0x08001b0c                LCD_IO_WriteData
 .text.LCD_IO_WriteReg
                0x08001b50       0x44 ./Core/Src/ili9341.o
                0x08001b50                LCD_IO_WriteReg
 .text.LCD_Delay
                0x08001b94       0x16 ./Core/Src/ili9341.o
                0x08001b94                LCD_Delay
 .text.main     0x08001baa       0x3e ./Core/Src/main.o
                0x08001baa                main
 .text.SystemClock_Config
                0x08001be8       0xd4 ./Core/Src/main.o
                0x08001be8                SystemClock_Config
 .text.MX_I2C3_Init
                0x08001cbc       0x80 ./Core/Src/main.o
 .text.MX_LTDC_Init
                0x08001d3c      0x164 ./Core/Src/main.o
 .text.MX_RNG_Init
                0x08001ea0       0x28 ./Core/Src/main.o
 .text.MX_SPI5_Init
                0x08001ec8       0x6c ./Core/Src/main.o
 .text.MX_TIM2_Init
                0x08001f34       0x98 ./Core/Src/main.o
 .text.MX_GPIO_Init
                0x08001fcc      0x35c ./Core/Src/main.o
 .text.Error_Handler
                0x08002328        0xc ./Core/Src/main.o
                0x08002328                Error_Handler
 .text.HAL_MspInit
                0x08002334       0x50 ./Core/Src/stm32f4xx_hal_msp.o
                0x08002334                HAL_MspInit
 .text.HAL_I2C_MspInit
                0x08002384       0xd4 ./Core/Src/stm32f4xx_hal_msp.o
                0x08002384                HAL_I2C_MspInit
 .text.HAL_LTDC_MspInit
                0x08002458      0x250 ./Core/Src/stm32f4xx_hal_msp.o
                0x08002458                HAL_LTDC_MspInit
 .text.HAL_RNG_MspInit
                0x080026a8       0x44 ./Core/Src/stm32f4xx_hal_msp.o
                0x080026a8                HAL_RNG_MspInit
 .text.HAL_SPI_MspInit
                0x080026ec       0x90 ./Core/Src/stm32f4xx_hal_msp.o
                0x080026ec                HAL_SPI_MspInit
 .text.HAL_SPI_MspDeInit
                0x0800277c       0x3c ./Core/Src/stm32f4xx_hal_msp.o
                0x0800277c                HAL_SPI_MspDeInit
 .text.HAL_TIM_Base_MspInit
                0x080027b8       0x40 ./Core/Src/stm32f4xx_hal_msp.o
                0x080027b8                HAL_TIM_Base_MspInit
 .text.NMI_Handler
                0x080027f8        0x8 ./Core/Src/stm32f4xx_it.o
                0x080027f8                NMI_Handler
 .text.HardFault_Handler
                0x08002800        0x8 ./Core/Src/stm32f4xx_it.o
                0x08002800                HardFault_Handler
 .text.MemManage_Handler
                0x08002808        0x8 ./Core/Src/stm32f4xx_it.o
                0x08002808                MemManage_Handler
 .text.BusFault_Handler
                0x08002810        0x8 ./Core/Src/stm32f4xx_it.o
                0x08002810                BusFault_Handler
 .text.UsageFault_Handler
                0x08002818        0x8 ./Core/Src/stm32f4xx_it.o
                0x08002818                UsageFault_Handler
 .text.SVC_Handler
                0x08002820        0xe ./Core/Src/stm32f4xx_it.o
                0x08002820                SVC_Handler
 .text.DebugMon_Handler
                0x0800282e        0xe ./Core/Src/stm32f4xx_it.o
                0x0800282e                DebugMon_Handler
 .text.PendSV_Handler
                0x0800283c        0xe ./Core/Src/stm32f4xx_it.o
                0x0800283c                PendSV_Handler
 .text.SysTick_Handler
                0x0800284a        0xc ./Core/Src/stm32f4xx_it.o
                0x0800284a                SysTick_Handler
 .text.STMPE811_Init
                0x08002856      0x14e ./Core/Src/stmpe811.o
                0x08002856                STMPE811_Init
 .text.STMPE811_Read
                0x080029a4       0x22 ./Core/Src/stmpe811.o
                0x080029a4                STMPE811_Read
 .text.STMPE811_ReadTouch
                0x080029c6      0x198 ./Core/Src/stmpe811.o
                0x080029c6                STMPE811_ReadTouch
 *fill*         0x08002b5e        0x2 
 .text.verifyHAL_I2C_IS_OKAY
                0x08002b60       0x20 ./Core/Src/stmpe811.o
                0x08002b60                verifyHAL_I2C_IS_OKAY
 .text.I2C3_Init
                0x08002b80       0x7c ./Core/Src/stmpe811.o
 .text.I2C3_MspInit
                0x08002bfc       0xa8 ./Core/Src/stmpe811.o
 .text.I2C3_Write
                0x08002ca4       0x54 ./Core/Src/stmpe811.o
                0x08002ca4                I2C3_Write
 .text.I2C3_Read
                0x08002cf8       0x4c ./Core/Src/stmpe811.o
                0x08002cf8                I2C3_Read
 .text.I2C3_MulitByteRead
                0x08002d44       0x44 ./Core/Src/stmpe811.o
                0x08002d44                I2C3_MulitByteRead
 .text.TM_STMPE811_ReadX
                0x08002d88       0xbc ./Core/Src/stmpe811.o
                0x08002d88                TM_STMPE811_ReadX
 .text.TM_STMPE811_ReadY
                0x08002e44       0xa4 ./Core/Src/stmpe811.o
                0x08002e44                TM_STMPE811_ReadY
 .text.initialise_monitor_handles
                0x08002ee8        0xe ./Core/Src/syscalls.o
                0x08002ee8                initialise_monitor_handles
 *fill*         0x08002ef6        0x2 
 .text._sbrk    0x08002ef8       0x6c ./Core/Src/sysmem.o
                0x08002ef8                _sbrk
 .text.SystemInit
                0x08002f64       0x24 ./Core/Src/system_stm32f4xx.o
                0x08002f64                SystemInit
 .text.Reset_Handler
                0x08002f88       0x50 ./Core/Startup/startup_stm32f429zitx.o
                0x08002f88                Reset_Handler
 .text.Default_Handler
                0x08002fd8        0x2 ./Core/Startup/startup_stm32f429zitx.o
                0x08002fd8                DMA1_Stream3_IRQHandler
                0x08002fd8                HASH_RNG_IRQHandler
                0x08002fd8                EXTI2_IRQHandler
                0x08002fd8                TIM8_CC_IRQHandler
                0x08002fd8                UART8_IRQHandler
                0x08002fd8                SPI4_IRQHandler
                0x08002fd8                TIM1_CC_IRQHandler
                0x08002fd8                DMA2_Stream5_IRQHandler
                0x08002fd8                DMA1_Stream5_IRQHandler
                0x08002fd8                PVD_IRQHandler
                0x08002fd8                SDIO_IRQHandler
                0x08002fd8                TAMP_STAMP_IRQHandler
                0x08002fd8                CAN2_RX1_IRQHandler
                0x08002fd8                EXTI3_IRQHandler
                0x08002fd8                TIM8_TRG_COM_TIM14_IRQHandler
                0x08002fd8                TIM1_UP_TIM10_IRQHandler
                0x08002fd8                TIM8_UP_TIM13_IRQHandler
                0x08002fd8                I2C3_ER_IRQHandler
                0x08002fd8                EXTI0_IRQHandler
                0x08002fd8                I2C2_EV_IRQHandler
                0x08002fd8                DMA1_Stream2_IRQHandler
                0x08002fd8                CAN1_RX0_IRQHandler
                0x08002fd8                FPU_IRQHandler
                0x08002fd8                OTG_HS_WKUP_IRQHandler
                0x08002fd8                LTDC_ER_IRQHandler
                0x08002fd8                CAN2_SCE_IRQHandler
                0x08002fd8                DMA2_Stream2_IRQHandler
                0x08002fd8                SPI1_IRQHandler
                0x08002fd8                TIM6_DAC_IRQHandler
                0x08002fd8                TIM1_BRK_TIM9_IRQHandler
                0x08002fd8                DCMI_IRQHandler
                0x08002fd8                CAN2_RX0_IRQHandler
                0x08002fd8                DMA2_Stream3_IRQHandler
                0x08002fd8                USART6_IRQHandler
                0x08002fd8                USART3_IRQHandler
                0x08002fd8                CAN1_RX1_IRQHandler
                0x08002fd8                UART5_IRQHandler
                0x08002fd8                DMA2_Stream0_IRQHandler
                0x08002fd8                TIM4_IRQHandler
                0x08002fd8                I2C1_EV_IRQHandler
                0x08002fd8                DMA1_Stream6_IRQHandler
                0x08002fd8                DMA1_Stream1_IRQHandler
                0x08002fd8                UART4_IRQHandler
                0x08002fd8                TIM3_IRQHandler
                0x08002fd8                RCC_IRQHandler
                0x08002fd8                TIM8_BRK_TIM12_IRQHandler
                0x08002fd8                Default_Handler
                0x08002fd8                EXTI15_10_IRQHandler
                0x08002fd8                ADC_IRQHandler
                0x08002fd8                DMA1_Stream7_IRQHandler
                0x08002fd8                SPI5_IRQHandler
                0x08002fd8                TIM7_IRQHandler
                0x08002fd8                CAN2_TX_IRQHandler
                0x08002fd8                TIM5_IRQHandler
                0x08002fd8                DMA2_Stream7_IRQHandler
                0x08002fd8                I2C3_EV_IRQHandler
                0x08002fd8                EXTI9_5_IRQHandler
                0x08002fd8                RTC_WKUP_IRQHandler
                0x08002fd8                LTDC_IRQHandler
                0x08002fd8                ETH_WKUP_IRQHandler
                0x08002fd8                SPI2_IRQHandler
                0x08002fd8                OTG_HS_EP1_IN_IRQHandler
                0x08002fd8                DMA1_Stream0_IRQHandler
                0x08002fd8                CAN1_TX_IRQHandler
                0x08002fd8                EXTI4_IRQHandler
                0x08002fd8                ETH_IRQHandler
                0x08002fd8                OTG_HS_EP1_OUT_IRQHandler
                0x08002fd8                WWDG_IRQHandler
                0x08002fd8                SPI6_IRQHandler
                0x08002fd8                TIM2_IRQHandler
                0x08002fd8                OTG_FS_WKUP_IRQHandler
                0x08002fd8                TIM1_TRG_COM_TIM11_IRQHandler
                0x08002fd8                OTG_HS_IRQHandler
                0x08002fd8                DMA2D_IRQHandler
                0x08002fd8                EXTI1_IRQHandler
                0x08002fd8                UART7_IRQHandler
                0x08002fd8                USART2_IRQHandler
                0x08002fd8                I2C2_ER_IRQHandler
                0x08002fd8                DMA2_Stream1_IRQHandler
                0x08002fd8                CAN1_SCE_IRQHandler
                0x08002fd8                FLASH_IRQHandler
                0x08002fd8                DMA2_Stream4_IRQHandler
                0x08002fd8                USART1_IRQHandler
                0x08002fd8                OTG_FS_IRQHandler
                0x08002fd8                SPI3_IRQHandler
                0x08002fd8                DMA1_Stream4_IRQHandler
                0x08002fd8                I2C1_ER_IRQHandler
                0x08002fd8                FMC_IRQHandler
                0x08002fd8                DMA2_Stream6_IRQHandler
                0x08002fd8                SAI1_IRQHandler
                0x08002fd8                RTC_Alarm_IRQHandler
 *fill*         0x08002fda        0x2 
 .text.HAL_Init
                0x08002fdc       0x44 ./Drivers/STM32F4xx_HAL_Driver/Src/stm32f4xx_hal.o
                0x08002fdc                HAL_Init
 .text.HAL_InitTick
                0x08003020       0x60 ./Drivers/STM32F4xx_HAL_Driver/Src/stm32f4xx_hal.o
                0x08003020                HAL_InitTick
 .text.HAL_IncTick
                0x08003080       0x28 ./Drivers/STM32F4xx_HAL_Driver/Src/stm32f4xx_hal.o
                0x08003080                HAL_IncTick
 .text.HAL_GetTick
                0x080030a8       0x18 ./Drivers/STM32F4xx_HAL_Driver/Src/stm32f4xx_hal.o
                0x080030a8                HAL_GetTick
 .text.HAL_Delay
                0x080030c0       0x48 ./Drivers/STM32F4xx_HAL_Driver/Src/stm32f4xx_hal.o
                0x080030c0                HAL_Delay
 .text.__NVIC_SetPriorityGrouping
                0x08003108       0x48 ./Drivers/STM32F4xx_HAL_Driver/Src/stm32f4xx_hal_cortex.o
 .text.__NVIC_GetPriorityGrouping
                0x08003150       0x1c ./Drivers/STM32F4xx_HAL_Driver/Src/stm32f4xx_hal_cortex.o
 .text.__NVIC_SetPriority
                0x0800316c       0x54 ./Drivers/STM32F4xx_HAL_Driver/Src/stm32f4xx_hal_cortex.o
 .text.NVIC_EncodePriority
                0x080031c0       0x66 ./Drivers/STM32F4xx_HAL_Driver/Src/stm32f4xx_hal_cortex.o
 *fill*         0x08003226        0x2 
 .text.SysTick_Config
                0x08003228       0x44 ./Drivers/STM32F4xx_HAL_Driver/Src/stm32f4xx_hal_cortex.o
 .text.HAL_NVIC_SetPriorityGrouping
                0x0800326c       0x16 ./Drivers/STM32F4xx_HAL_Driver/Src/stm32f4xx_hal_cortex.o
                0x0800326c                HAL_NVIC_SetPriorityGrouping
 .text.HAL_NVIC_SetPriority
                0x08003282       0x38 ./Drivers/STM32F4xx_HAL_Driver/Src/stm32f4xx_hal_cortex.o
                0x08003282                HAL_NVIC_SetPriority
 .text.HAL_SYSTICK_Config
                0x080032ba       0x18 ./Drivers/STM32F4xx_HAL_Driver/Src/stm32f4xx_hal_cortex.o
                0x080032ba                HAL_SYSTICK_Config
 *fill*         0x080032d2        0x2 
 .text.HAL_GPIO_Init
                0x080032d4      0x358 ./Drivers/STM32F4xx_HAL_Driver/Src/stm32f4xx_hal_gpio.o
                0x080032d4                HAL_GPIO_Init
 .text.HAL_GPIO_DeInit
                0x0800362c      0x218 ./Drivers/STM32F4xx_HAL_Driver/Src/stm32f4xx_hal_gpio.o
                0x0800362c                HAL_GPIO_DeInit
 .text.HAL_GPIO_ReadPin
                0x08003844       0x30 ./Drivers/STM32F4xx_HAL_Driver/Src/stm32f4xx_hal_gpio.o
                0x08003844                HAL_GPIO_ReadPin
 .text.HAL_GPIO_WritePin
                0x08003874       0x32 ./Drivers/STM32F4xx_HAL_Driver/Src/stm32f4xx_hal_gpio.o
                0x08003874                HAL_GPIO_WritePin
 *fill*         0x080038a6        0x2 
 .text.HAL_I2C_Init
                0x080038a8      0x288 ./Drivers/STM32F4xx_HAL_Driver/Src/stm32f4xx_hal_i2c.o
                0x080038a8                HAL_I2C_Init
 .text.HAL_I2C_Mem_Write
                0x08003b30      0x1f4 ./Drivers/STM32F4xx_HAL_Driver/Src/stm32f4xx_hal_i2c.o
                0x08003b30                HAL_I2C_Mem_Write
 .text.HAL_I2C_Mem_Read
                0x08003d24      0x464 ./Drivers/STM32F4xx_HAL_Driver/Src/stm32f4xx_hal_i2c.o
                0x08003d24                HAL_I2C_Mem_Read
 .text.I2C_RequestMemoryWrite
                0x08004188      0x12c ./Drivers/STM32F4xx_HAL_Driver/Src/stm32f4xx_hal_i2c.o
 .text.I2C_RequestMemoryRead
                0x080042b4      0x1d0 ./Drivers/STM32F4xx_HAL_Driver/Src/stm32f4xx_hal_i2c.o
 .text.I2C_WaitOnFlagUntilTimeout
                0x08004484       0xf4 ./Drivers/STM32F4xx_HAL_Driver/Src/stm32f4xx_hal_i2c.o
 .text.I2C_WaitOnMasterAddressFlagUntilTimeout
                0x08004578      0x140 ./Drivers/STM32F4xx_HAL_Driver/Src/stm32f4xx_hal_i2c.o
 .text.I2C_WaitOnTXEFlagUntilTimeout
                0x080046b8       0x90 ./Drivers/STM32F4xx_HAL_Driver/Src/stm32f4xx_hal_i2c.o
 .text.I2C_WaitOnBTFFlagUntilTimeout
                0x08004748       0x90 ./Drivers/STM32F4xx_HAL_Driver/Src/stm32f4xx_hal_i2c.o
 .text.I2C_WaitOnRXNEFlagUntilTimeout
                0x080047d8       0xba ./Drivers/STM32F4xx_HAL_Driver/Src/stm32f4xx_hal_i2c.o
 .text.I2C_IsAcknowledgeFailed
                0x08004892       0x5e ./Drivers/STM32F4xx_HAL_Driver/Src/stm32f4xx_hal_i2c.o
 .text.HAL_I2CEx_ConfigAnalogFilter
                0x080048f0       0x78 ./Drivers/STM32F4xx_HAL_Driver/Src/stm32f4xx_hal_i2c_ex.o
                0x080048f0                HAL_I2CEx_ConfigAnalogFilter
 .text.HAL_I2CEx_ConfigDigitalFilter
                0x08004968       0x7e ./Drivers/STM32F4xx_HAL_Driver/Src/stm32f4xx_hal_i2c_ex.o
                0x08004968                HAL_I2CEx_ConfigDigitalFilter
 *fill*         0x080049e6        0x2 
 .text.HAL_LTDC_Init
                0x080049e8      0x1a0 ./Drivers/STM32F4xx_HAL_Driver/Src/stm32f4xx_hal_ltdc.o
                0x080049e8                HAL_LTDC_Init
 .text.HAL_LTDC_ConfigLayer
                0x08004b88       0x7c ./Drivers/STM32F4xx_HAL_Driver/Src/stm32f4xx_hal_ltdc.o
                0x08004b88                HAL_LTDC_ConfigLayer
 .text.LTDC_SetConfig
                0x08004c04      0x32e ./Drivers/STM32F4xx_HAL_Driver/Src/stm32f4xx_hal_ltdc.o
 *fill*         0x08004f32        0x2 
 .text.HAL_RCC_OscConfig
                0x08004f34      0x4f0 ./Drivers/STM32F4xx_HAL_Driver/Src/stm32f4xx_hal_rcc.o
                0x08004f34                HAL_RCC_OscConfig
 .text.HAL_RCC_ClockConfig
                0x08005424      0x1cc ./Drivers/STM32F4xx_HAL_Driver/Src/stm32f4xx_hal_rcc.o
                0x08005424                HAL_RCC_ClockConfig
 .text.HAL_RCC_GetSysClockFreq
                0x080055f0      0x20c ./Drivers/STM32F4xx_HAL_Driver/Src/stm32f4xx_hal_rcc.o
                0x080055f0                HAL_RCC_GetSysClockFreq
 .text.HAL_RCC_GetHCLKFreq
                0x080057fc       0x18 ./Drivers/STM32F4xx_HAL_Driver/Src/stm32f4xx_hal_rcc.o
                0x080057fc                HAL_RCC_GetHCLKFreq
 .text.HAL_RCC_GetPCLK1Freq
                0x08005814       0x28 ./Drivers/STM32F4xx_HAL_Driver/Src/stm32f4xx_hal_rcc.o
                0x08005814                HAL_RCC_GetPCLK1Freq
 .text.HAL_RCCEx_PeriphCLKConfig
                0x0800583c      0x380 ./Drivers/STM32F4xx_HAL_Driver/Src/stm32f4xx_hal_rcc_ex.o
                0x0800583c                HAL_RCCEx_PeriphCLKConfig
 .text.HAL_RNG_Init
                0x08005bbc       0x54 ./Drivers/STM32F4xx_HAL_Driver/Src/stm32f4xx_hal_rng.o
                0x08005bbc                HAL_RNG_Init
 .text.HAL_SPI_Init
                0x08005c10      0x112 ./Drivers/STM32F4xx_HAL_Driver/Src/stm32f4xx_hal_spi.o
                0x08005c10                HAL_SPI_Init
 .text.HAL_SPI_DeInit
                0x08005d22       0x50 ./Drivers/STM32F4xx_HAL_Driver/Src/stm32f4xx_hal_spi.o
                0x08005d22                HAL_SPI_DeInit
 .text.HAL_SPI_Transmit
                0x08005d72      0x288 ./Drivers/STM32F4xx_HAL_Driver/Src/stm32f4xx_hal_spi.o
                0x08005d72                HAL_SPI_Transmit
 .text.HAL_SPI_GetState
                0x08005ffa       0x1c ./Drivers/STM32F4xx_HAL_Driver/Src/stm32f4xx_hal_spi.o
                0x08005ffa                HAL_SPI_GetState
 *fill*         0x08006016        0x2 
 .text.SPI_WaitFlagStateUntilTimeout
                0x08006018      0x110 ./Drivers/STM32F4xx_HAL_Driver/Src/stm32f4xx_hal_spi.o
 .text.SPI_EndRxTxTransaction
                0x08006128       0xa8 ./Drivers/STM32F4xx_HAL_Driver/Src/stm32f4xx_hal_spi.o
 .text.HAL_TIM_Base_Init
                0x080061d0       0x9e ./Drivers/STM32F4xx_HAL_Driver/Src/stm32f4xx_hal_tim.o
                0x080061d0                HAL_TIM_Base_Init
 .text.HAL_TIM_ConfigClockSource
                0x0800626e      0x18e ./Drivers/STM32F4xx_HAL_Driver/Src/stm32f4xx_hal_tim.o
                0x0800626e                HAL_TIM_ConfigClockSource
 .text.TIM_Base_SetConfig
                0x080063fc      0x158 ./Drivers/STM32F4xx_HAL_Driver/Src/stm32f4xx_hal_tim.o
                0x080063fc                TIM_Base_SetConfig
 .text.TIM_TI1_ConfigInputStage
                0x08006554       0x5e ./Drivers/STM32F4xx_HAL_Driver/Src/stm32f4xx_hal_tim.o
 .text.TIM_TI2_ConfigInputStage
                0x080065b2       0x60 ./Drivers/STM32F4xx_HAL_Driver/Src/stm32f4xx_hal_tim.o
 .text.TIM_ITRx_SetConfig
                0x08006612       0x36 ./Drivers/STM32F4xx_HAL_Driver/Src/stm32f4xx_hal_tim.o
 .text.TIM_ETR_SetConfig
                0x08006648       0x40 ./Drivers/STM32F4xx_HAL_Driver/Src/stm32f4xx_hal_tim.o
                0x08006648                TIM_ETR_SetConfig
 .text.HAL_TIMEx_MasterConfigSynchronization
                0x08006688       0xf8 ./Drivers/STM32F4xx_HAL_Driver/Src/stm32f4xx_hal_tim_ex.o
                0x08006688                HAL_TIMEx_MasterConfigSynchronization
 .text.sprintf  0x08006780       0x40 /Applications/STM32CubeIDE.app/Contents/Eclipse/plugins/com.st.stm32cube.ide.mcu.externaltools.gnu-tools-for-stm32.12.3.rel1.macos64_1.1.0.202410301201/tools/bin/../lib/gcc/arm-none-eabi/12.3.1/../../../../arm-none-eabi/lib/thumb/v7e-m+fp/hard/libc_nano.a(libc_a-sprintf.o)
                0x08006780                sprintf
                0x08006780                siprintf
 .text.memset   0x080067c0       0x10 /Applications/STM32CubeIDE.app/Contents/Eclipse/plugins/com.st.stm32cube.ide.mcu.externaltools.gnu-tools-for-stm32.12.3.rel1.macos64_1.1.0.202410301201/tools/bin/../lib/gcc/arm-none-eabi/12.3.1/../../../../arm-none-eabi/lib/thumb/v7e-m+fp/hard/libc_nano.a(libc_a-memset.o)
                0x080067c0                memset
 .text.__errno  0x080067d0        0xc /Applications/STM32CubeIDE.app/Contents/Eclipse/plugins/com.st.stm32cube.ide.mcu.externaltools.gnu-tools-for-stm32.12.3.rel1.macos64_1.1.0.202410301201/tools/bin/../lib/gcc/arm-none-eabi/12.3.1/../../../../arm-none-eabi/lib/thumb/v7e-m+fp/hard/libc_nano.a(libc_a-errno.o)
                0x080067d0                __errno
 .text.__libc_init_array
                0x080067dc       0x48 /Applications/STM32CubeIDE.app/Contents/Eclipse/plugins/com.st.stm32cube.ide.mcu.externaltools.gnu-tools-for-stm32.12.3.rel1.macos64_1.1.0.202410301201/tools/bin/../lib/gcc/arm-none-eabi/12.3.1/../../../../arm-none-eabi/lib/thumb/v7e-m+fp/hard/libc_nano.a(libc_a-init.o)
                0x080067dc                __libc_init_array
 .text.__retarget_lock_acquire_recursive
                0x08006824        0x2 /Applications/STM32CubeIDE.app/Contents/Eclipse/plugins/com.st.stm32cube.ide.mcu.externaltools.gnu-tools-for-stm32.12.3.rel1.macos64_1.1.0.202410301201/tools/bin/../lib/gcc/arm-none-eabi/12.3.1/../../../../arm-none-eabi/lib/thumb/v7e-m+fp/hard/libc_nano.a(libc_a-lock.o)
                0x08006824                __retarget_lock_acquire_recursive
 .text.__retarget_lock_release_recursive
                0x08006826        0x2 /Applications/STM32CubeIDE.app/Contents/Eclipse/plugins/com.st.stm32cube.ide.mcu.externaltools.gnu-tools-for-stm32.12.3.rel1.macos64_1.1.0.202410301201/tools/bin/../lib/gcc/arm-none-eabi/12.3.1/../../../../arm-none-eabi/lib/thumb/v7e-m+fp/hard/libc_nano.a(libc_a-lock.o)
                0x08006826                __retarget_lock_release_recursive
 .text.__ssputs_r
                0x08006828       0xb6 /Applications/STM32CubeIDE.app/Contents/Eclipse/plugins/com.st.stm32cube.ide.mcu.externaltools.gnu-tools-for-stm32.12.3.rel1.macos64_1.1.0.202410301201/tools/bin/../lib/gcc/arm-none-eabi/12.3.1/../../../../arm-none-eabi/lib/thumb/v7e-m+fp/hard/libc_nano.a(libc_a-nano-svfprintf.o)
                0x08006828                __ssputs_r
 *fill*         0x080068de        0x2 
 .text._svfprintf_r
                0x080068e0      0x1f8 /Applications/STM32CubeIDE.app/Contents/Eclipse/plugins/com.st.stm32cube.ide.mcu.externaltools.gnu-tools-for-stm32.12.3.rel1.macos64_1.1.0.202410301201/tools/bin/../lib/gcc/arm-none-eabi/12.3.1/../../../../arm-none-eabi/lib/thumb/v7e-m+fp/hard/libc_nano.a(libc_a-nano-svfprintf.o)
                0x080068e0                _svfprintf_r
                0x080068e0                _svfiprintf_r
 .text.sbrk_aligned
                0x08006ad8       0x44 /Applications/STM32CubeIDE.app/Contents/Eclipse/plugins/com.st.stm32cube.ide.mcu.externaltools.gnu-tools-for-stm32.12.3.rel1.macos64_1.1.0.202410301201/tools/bin/../lib/gcc/arm-none-eabi/12.3.1/../../../../arm-none-eabi/lib/thumb/v7e-m+fp/hard/libc_nano.a(libc_a-mallocr.o)
 .text._malloc_r
                0x08006b1c      0x100 /Applications/STM32CubeIDE.app/Contents/Eclipse/plugins/com.st.stm32cube.ide.mcu.externaltools.gnu-tools-for-stm32.12.3.rel1.macos64_1.1.0.202410301201/tools/bin/../lib/gcc/arm-none-eabi/12.3.1/../../../../arm-none-eabi/lib/thumb/v7e-m+fp/hard/libc_nano.a(libc_a-mallocr.o)
                0x08006b1c                _malloc_r
 .text._printf_common
                0x08006c1c       0xda /Applications/STM32CubeIDE.app/Contents/Eclipse/plugins/com.st.stm32cube.ide.mcu.externaltools.gnu-tools-for-stm32.12.3.rel1.macos64_1.1.0.202410301201/tools/bin/../lib/gcc/arm-none-eabi/12.3.1/../../../../arm-none-eabi/lib/thumb/v7e-m+fp/hard/libc_nano.a(libc_a-nano-vfprintf_i.o)
                0x08006c1c                _printf_common
 *fill*         0x08006cf6        0x2 
 .text._printf_i
                0x08006cf8      0x240 /Applications/STM32CubeIDE.app/Contents/Eclipse/plugins/com.st.stm32cube.ide.mcu.externaltools.gnu-tools-for-stm32.12.3.rel1.macos64_1.1.0.202410301201/tools/bin/../lib/gcc/arm-none-eabi/12.3.1/../../../../arm-none-eabi/lib/thumb/v7e-m+fp/hard/libc_nano.a(libc_a-nano-vfprintf_i.o)
                0x08006cf8                _printf_i
 .text.__malloc_lock
                0x08006f38        0xc /Applications/STM32CubeIDE.app/Contents/Eclipse/plugins/com.st.stm32cube.ide.mcu.externaltools.gnu-tools-for-stm32.12.3.rel1.macos64_1.1.0.202410301201/tools/bin/../lib/gcc/arm-none-eabi/12.3.1/../../../../arm-none-eabi/lib/thumb/v7e-m+fp/hard/libc_nano.a(libc_a-mlock.o)
                0x08006f38                __malloc_lock
 .text.__malloc_unlock
                0x08006f44        0xc /Applications/STM32CubeIDE.app/Contents/Eclipse/plugins/com.st.stm32cube.ide.mcu.externaltools.gnu-tools-for-stm32.12.3.rel1.macos64_1.1.0.202410301201/tools/bin/../lib/gcc/arm-none-eabi/12.3.1/../../../../arm-none-eabi/lib/thumb/v7e-m+fp/hard/libc_nano.a(libc_a-mlock.o)
                0x08006f44                __malloc_unlock
 .text._realloc_r
                0x08006f50       0x5c /Applications/STM32CubeIDE.app/Contents/Eclipse/plugins/com.st.stm32cube.ide.mcu.externaltools.gnu-tools-for-stm32.12.3.rel1.macos64_1.1.0.202410301201/tools/bin/../lib/gcc/arm-none-eabi/12.3.1/../../../../arm-none-eabi/lib/thumb/v7e-m+fp/hard/libc_nano.a(libc_a-reallocr.o)
                0x08006f50                _realloc_r
 .text.memmove  0x08006fac       0x34 /Applications/STM32CubeIDE.app/Contents/Eclipse/plugins/com.st.stm32cube.ide.mcu.externaltools.gnu-tools-for-stm32.12.3.rel1.macos64_1.1.0.202410301201/tools/bin/../lib/gcc/arm-none-eabi/12.3.1/../../../../arm-none-eabi/lib/thumb/v7e-m+fp/hard/libc_nano.a(libc_a-memmove.o)
                0x08006fac                memmove
 .text._sbrk_r  0x08006fe0       0x20 /Applications/STM32CubeIDE.app/Contents/Eclipse/plugins/com.st.stm32cube.ide.mcu.externaltools.gnu-tools-for-stm32.12.3.rel1.macos64_1.1.0.202410301201/tools/bin/../lib/gcc/arm-none-eabi/12.3.1/../../../../arm-none-eabi/lib/thumb/v7e-m+fp/hard/libc_nano.a(libc_a-sbrkr.o)
                0x08006fe0                _sbrk_r
 .text.memcpy   0x08007000       0x1c /Applications/STM32CubeIDE.app/Contents/Eclipse/plugins/com.st.stm32cube.ide.mcu.externaltools.gnu-tools-for-stm32.12.3.rel1.macos64_1.1.0.202410301201/tools/bin/../lib/gcc/arm-none-eabi/12.3.1/../../../../arm-none-eabi/lib/thumb/v7e-m+fp/hard/libc_nano.a(libc_a-memcpy-stub.o)
                0x08007000                memcpy
 .text._free_r  0x0800701c       0x94 /Applications/STM32CubeIDE.app/Contents/Eclipse/plugins/com.st.stm32cube.ide.mcu.externaltools.gnu-tools-for-stm32.12.3.rel1.macos64_1.1.0.202410301201/tools/bin/../lib/gcc/arm-none-eabi/12.3.1/../../../../arm-none-eabi/lib/thumb/v7e-m+fp/hard/libc_nano.a(libc_a-freer.o)
                0x0800701c                _free_r
 .text._malloc_usable_size_r
                0x080070b0       0x10 /Applications/STM32CubeIDE.app/Contents/Eclipse/plugins/com.st.stm32cube.ide.mcu.externaltools.gnu-tools-for-stm32.12.3.rel1.macos64_1.1.0.202410301201/tools/bin/../lib/gcc/arm-none-eabi/12.3.1/../../../../arm-none-eabi/lib/thumb/v7e-m+fp/hard/libc_nano.a(libc_a-msizer.o)
                0x080070b0                _malloc_usable_size_r
 *(.glue_7)
 .glue_7        0x080070c0        0x0 linker stubs
 *(.glue_7t)
 .glue_7t       0x080070c0        0x0 linker stubs
 *(.eh_frame)
 .eh_frame      0x080070c0        0x0 /Applications/STM32CubeIDE.app/Contents/Eclipse/plugins/com.st.stm32cube.ide.mcu.externaltools.gnu-tools-for-stm32.12.3.rel1.macos64_1.1.0.202410301201/tools/bin/../lib/gcc/arm-none-eabi/12.3.1/thumb/v7e-m+fp/hard/crtbegin.o
 *(.init)
 .init          0x080070c0        0x4 /Applications/STM32CubeIDE.app/Contents/Eclipse/plugins/com.st.stm32cube.ide.mcu.externaltools.gnu-tools-for-stm32.12.3.rel1.macos64_1.1.0.202410301201/tools/bin/../lib/gcc/arm-none-eabi/12.3.1/thumb/v7e-m+fp/hard/crti.o
                0x080070c0                _init
 .init          0x080070c4        0x8 /Applications/STM32CubeIDE.app/Contents/Eclipse/plugins/com.st.stm32cube.ide.mcu.externaltools.gnu-tools-for-stm32.12.3.rel1.macos64_1.1.0.202410301201/tools/bin/../lib/gcc/arm-none-eabi/12.3.1/thumb/v7e-m+fp/hard/crtn.o
 *(.fini)
 .fini          0x080070cc        0x4 /Applications/STM32CubeIDE.app/Contents/Eclipse/plugins/com.st.stm32cube.ide.mcu.externaltools.gnu-tools-for-stm32.12.3.rel1.macos64_1.1.0.202410301201/tools/bin/../lib/gcc/arm-none-eabi/12.3.1/thumb/v7e-m+fp/hard/crti.o
                0x080070cc                _fini
 .fini          0x080070d0        0x8 /Applications/STM32CubeIDE.app/Contents/Eclipse/plugins/com.st.stm32cube.ide.mcu.externaltools.gnu-tools-for-stm32.12.3.rel1.macos64_1.1.0.202410301201/tools/bin/../lib/gcc/arm-none-eabi/12.3.1/thumb/v7e-m+fp/hard/crtn.o
                0x080070d8                        . = ALIGN (0x4)
                0x080070d8                        _etext = .

.vfp11_veneer   0x080070d8        0x0
 .vfp11_veneer  0x080070d8        0x0 linker stubs

.v4_bx          0x080070d8        0x0
 .v4_bx         0x080070d8        0x0 linker stubs

.iplt           0x080070d8        0x0
 .iplt          0x080070d8        0x0 /Applications/STM32CubeIDE.app/Contents/Eclipse/plugins/com.st.stm32cube.ide.mcu.externaltools.gnu-tools-for-stm32.12.3.rel1.macos64_1.1.0.202410301201/tools/bin/../lib/gcc/arm-none-eabi/12.3.1/thumb/v7e-m+fp/hard/crtbegin.o

.rodata         0x080070d8     0x12c4
                0x080070d8                        . = ALIGN (0x4)
 *(.rodata)
 .rodata        0x080070d8       0xa8 ./Core/Src/ApplicationCode.o
 *(.rodata*)
 .rodata.ASCII16x24_Table
                0x08007180     0x11d0 ./Core/Src/fonts.o
                0x08007180                ASCII16x24_Table
 .rodata.AHBPrescTable
                0x08008350       0x10 ./Core/Src/system_stm32f4xx.o
                0x08008350                AHBPrescTable
 .rodata.APBPrescTable
                0x08008360        0x8 ./Core/Src/system_stm32f4xx.o
                0x08008360                APBPrescTable
 .rodata._svfprintf_r.str1.1
                0x08008368       0x11 /Applications/STM32CubeIDE.app/Contents/Eclipse/plugins/com.st.stm32cube.ide.mcu.externaltools.gnu-tools-for-stm32.12.3.rel1.macos64_1.1.0.202410301201/tools/bin/../lib/gcc/arm-none-eabi/12.3.1/../../../../arm-none-eabi/lib/thumb/v7e-m+fp/hard/libc_nano.a(libc_a-nano-svfprintf.o)
 .rodata._printf_i.str1.1
                0x08008379       0x22 /Applications/STM32CubeIDE.app/Contents/Eclipse/plugins/com.st.stm32cube.ide.mcu.externaltools.gnu-tools-for-stm32.12.3.rel1.macos64_1.1.0.202410301201/tools/bin/../lib/gcc/arm-none-eabi/12.3.1/../../../../arm-none-eabi/lib/thumb/v7e-m+fp/hard/libc_nano.a(libc_a-nano-vfprintf_i.o)
                0x0800839c                        . = ALIGN (0x4)
 *fill*         0x0800839b        0x1 

.ARM.extab      0x0800839c        0x0
                0x0800839c                        . = ALIGN (0x4)
 *(.ARM.extab* .gnu.linkonce.armextab.*)
                0x0800839c                        . = ALIGN (0x4)

.ARM            0x0800839c        0x8
                0x0800839c                        . = ALIGN (0x4)
                0x0800839c                        __exidx_start = .
 *(.ARM.exidx*)
 .ARM.exidx     0x0800839c        0x8 /Applications/STM32CubeIDE.app/Contents/Eclipse/plugins/com.st.stm32cube.ide.mcu.externaltools.gnu-tools-for-stm32.12.3.rel1.macos64_1.1.0.202410301201/tools/bin/../lib/gcc/arm-none-eabi/12.3.1/../../../../arm-none-eabi/lib/thumb/v7e-m+fp/hard/libc_nano.a(libc_a-strlen.o)
 .ARM.exidx     0x080083a4        0x0 /Applications/STM32CubeIDE.app/Contents/Eclipse/plugins/com.st.stm32cube.ide.mcu.externaltools.gnu-tools-for-stm32.12.3.rel1.macos64_1.1.0.202410301201/tools/bin/../lib/gcc/arm-none-eabi/12.3.1/../../../../arm-none-eabi/lib/thumb/v7e-m+fp/hard/libc_nano.a(libc_a-memchr.o)
                                  0x8 (size before relaxing)
 .ARM.exidx     0x080083a4        0x0 /Applications/STM32CubeIDE.app/Contents/Eclipse/plugins/com.st.stm32cube.ide.mcu.externaltools.gnu-tools-for-stm32.12.3.rel1.macos64_1.1.0.202410301201/tools/bin/../lib/gcc/arm-none-eabi/12.3.1/thumb/v7e-m+fp/hard/libgcc.a(_udivmoddi4.o)
                                  0x8 (size before relaxing)
                0x080083a4                        __exidx_end = .
                0x080083a4                        . = ALIGN (0x4)

.preinit_array  0x080083a4        0x0
                0x080083a4                        . = ALIGN (0x4)
                0x080083a4                        PROVIDE (__preinit_array_start = .)
 *(.preinit_array*)
                0x080083a4                        PROVIDE (__preinit_array_end = .)
                0x080083a4                        . = ALIGN (0x4)

.init_array     0x080083a4        0x4
                0x080083a4                        . = ALIGN (0x4)
                0x080083a4                        PROVIDE (__init_array_start = .)
 *(SORT_BY_NAME(.init_array.*))
 *(.init_array*)
 .init_array    0x080083a4        0x4 /Applications/STM32CubeIDE.app/Contents/Eclipse/plugins/com.st.stm32cube.ide.mcu.externaltools.gnu-tools-for-stm32.12.3.rel1.macos64_1.1.0.202410301201/tools/bin/../lib/gcc/arm-none-eabi/12.3.1/thumb/v7e-m+fp/hard/crtbegin.o
                0x080083a8                        PROVIDE (__init_array_end = .)
                0x080083a8                        . = ALIGN (0x4)

.fini_array     0x080083a8        0x4
                0x080083a8                        . = ALIGN (0x4)
                [!provide]                        PROVIDE (__fini_array_start = .)
 *(SORT_BY_NAME(.fini_array.*))
 *(.fini_array*)
 .fini_array    0x080083a8        0x4 /Applications/STM32CubeIDE.app/Contents/Eclipse/plugins/com.st.stm32cube.ide.mcu.externaltools.gnu-tools-for-stm32.12.3.rel1.macos64_1.1.0.202410301201/tools/bin/../lib/gcc/arm-none-eabi/12.3.1/thumb/v7e-m+fp/hard/crtbegin.o
                [!provide]                        PROVIDE (__fini_array_end = .)
                0x080083ac                        . = ALIGN (0x4)
                0x080083ac                        _sidata = LOADADDR (.data)

.rel.dyn        0x080083ac        0x0
 .rel.iplt      0x080083ac        0x0 /Applications/STM32CubeIDE.app/Contents/Eclipse/plugins/com.st.stm32cube.ide.mcu.externaltools.gnu-tools-for-stm32.12.3.rel1.macos64_1.1.0.202410301201/tools/bin/../lib/gcc/arm-none-eabi/12.3.1/thumb/v7e-m+fp/hard/crtbegin.o

.data           0x20000000       0x6c load address 0x080083ac
                0x20000000                        . = ALIGN (0x4)
                0x20000000                        _sdata = .
 *(.data)
 *(.data*)
 .data.CurrentTextColor
                0x20000000        0x2 ./Core/Src/LCD_Driver.o
 *fill*         0x20000002        0x2 
 .data.Font16x24
                0x20000004        0x8 ./Core/Src/fonts.o
                0x20000004                Font16x24
 .data.SpiTimeout
                0x2000000c        0x4 ./Core/Src/ili9341.o
                0x2000000c                SpiTimeout
 .data.SystemCoreClock
                0x20000010        0x4 ./Core/Src/system_stm32f4xx.o
                0x20000010                SystemCoreClock
 .data.uwTickPrio
                0x20000014        0x4 ./Drivers/STM32F4xx_HAL_Driver/Src/stm32f4xx_hal.o
                0x20000014                uwTickPrio
 .data.uwTickFreq
                0x20000018        0x1 ./Drivers/STM32F4xx_HAL_Driver/Src/stm32f4xx_hal.o
                0x20000018                uwTickFreq
 *fill*         0x20000019        0x3 
 .data._impure_ptr
                0x2000001c        0x4 /Applications/STM32CubeIDE.app/Contents/Eclipse/plugins/com.st.stm32cube.ide.mcu.externaltools.gnu-tools-for-stm32.12.3.rel1.macos64_1.1.0.202410301201/tools/bin/../lib/gcc/arm-none-eabi/12.3.1/../../../../arm-none-eabi/lib/thumb/v7e-m+fp/hard/libc_nano.a(libc_a-impure.o)
                0x2000001c                _impure_ptr
 .data._impure_data
                0x20000020       0x4c /Applications/STM32CubeIDE.app/Contents/Eclipse/plugins/com.st.stm32cube.ide.mcu.externaltools.gnu-tools-for-stm32.12.3.rel1.macos64_1.1.0.202410301201/tools/bin/../lib/gcc/arm-none-eabi/12.3.1/../../../../arm-none-eabi/lib/thumb/v7e-m+fp/hard/libc_nano.a(libc_a-impure.o)
                0x20000020                _impure_data
 *(.RamFunc)
 *(.RamFunc*)
                0x2000006c                        . = ALIGN (0x4)
                0x2000006c                        _edata = .
                0x08008418                        _siccmram = LOADADDR (.ccmram)

.igot.plt       0x2000006c        0x0 load address 0x08008418
 .igot.plt      0x2000006c        0x0 /Applications/STM32CubeIDE.app/Contents/Eclipse/plugins/com.st.stm32cube.ide.mcu.externaltools.gnu-tools-for-stm32.12.3.rel1.macos64_1.1.0.202410301201/tools/bin/../lib/gcc/arm-none-eabi/12.3.1/thumb/v7e-m+fp/hard/crtbegin.o

.ccmram         0x10000000        0x0 load address 0x08008418
                0x10000000                        . = ALIGN (0x4)
                0x10000000                        _sccmram = .
 *(.ccmram)
 *(.ccmram*)
                0x10000000                        . = ALIGN (0x4)
                0x10000000                        _eccmram = .
                0x10000000                        . = ALIGN (0x4)

.bss            0x2000006c    0x25ce4
                0x2000006c                        _sbss = .
                0x2000006c                        __bss_start__ = _sbss
 *(.bss)
 .bss           0x2000006c       0x1c /Applications/STM32CubeIDE.app/Contents/Eclipse/plugins/com.st.stm32cube.ide.mcu.externaltools.gnu-tools-for-stm32.12.3.rel1.macos64_1.1.0.202410301201/tools/bin/../lib/gcc/arm-none-eabi/12.3.1/thumb/v7e-m+fp/hard/crtbegin.o
 *(.bss*)
 .bss.StaticTouchData
                0x20000088        0x8 ./Core/Src/ApplicationCode.o
 .bss.wins1     0x20000090        0x4 ./Core/Src/ApplicationCode.o
 .bss.wins2     0x20000094        0x4 ./Core/Src/ApplicationCode.o
 .bss.board     0x20000098       0x2a ./Core/Src/ApplicationCode.o
 .bss.curCol    0x200000c2        0x1 ./Core/Src/ApplicationCode.o
 .bss.currentPlayer
                0x200000c3        0x1 ./Core/Src/ApplicationCode.o
 .bss.hltdc     0x200000c4       0xa8 ./Core/Src/LCD_Driver.o
 .bss.PeriphClkInitStruct
                0x2000016c       0x30 ./Core/Src/LCD_Driver.o
 .bss.LCD_Currentfonts
                0x2000019c        0x4 ./Core/Src/LCD_Driver.o
 .bss.frameBuffer
                0x200001a0    0x25800 ./Core/Src/LCD_Driver.o
                0x200001a0                frameBuffer
 .bss.SpiHandle
                0x200259a0       0x58 ./Core/Src/ili9341.o
 .bss.Is_LCD_IO_Initialized
                0x200259f8        0x1 ./Core/Src/ili9341.o
 *fill*         0x200259f9        0x3 
 .bss.hi2c3     0x200259fc       0x54 ./Core/Src/main.o
                0x200259fc                hi2c3
 .bss.hltdc     0x20025a50       0xa8 ./Core/Src/main.o
                0x20025a50                hltdc
 .bss.hrng      0x20025af8       0x10 ./Core/Src/main.o
                0x20025af8                hrng
 .bss.hspi5     0x20025b08       0x58 ./Core/Src/main.o
                0x20025b08                hspi5
 .bss.htim2     0x20025b60       0x48 ./Core/Src/main.o
                0x20025b60                htim2
 .bss.hI2C3     0x20025ba8       0x54 ./Core/Src/stmpe811.o
 .bss.HAL_status
                0x20025bfc        0x1 ./Core/Src/stmpe811.o
 *fill*         0x20025bfd        0x3 
 .bss.__sbrk_heap_end
                0x20025c00        0x4 ./Core/Src/sysmem.o
 .bss.uwTick    0x20025c04        0x4 ./Drivers/STM32F4xx_HAL_Driver/Src/stm32f4xx_hal.o
                0x20025c04                uwTick
 .bss.__sf      0x20025c08      0x138 /Applications/STM32CubeIDE.app/Contents/Eclipse/plugins/com.st.stm32cube.ide.mcu.externaltools.gnu-tools-for-stm32.12.3.rel1.macos64_1.1.0.202410301201/tools/bin/../lib/gcc/arm-none-eabi/12.3.1/../../../../arm-none-eabi/lib/thumb/v7e-m+fp/hard/libc_nano.a(libc_a-findfp.o)
                0x20025c08                __sf
 .bss.__lock___malloc_recursive_mutex
                0x20025d40        0x1 /Applications/STM32CubeIDE.app/Contents/Eclipse/plugins/com.st.stm32cube.ide.mcu.externaltools.gnu-tools-for-stm32.12.3.rel1.macos64_1.1.0.202410301201/tools/bin/../lib/gcc/arm-none-eabi/12.3.1/../../../../arm-none-eabi/lib/thumb/v7e-m+fp/hard/libc_nano.a(libc_a-lock.o)
                0x20025d40                __lock___malloc_recursive_mutex
 *fill*         0x20025d41        0x3 
 .bss.__malloc_sbrk_start
                0x20025d44        0x4 /Applications/STM32CubeIDE.app/Contents/Eclipse/plugins/com.st.stm32cube.ide.mcu.externaltools.gnu-tools-for-stm32.12.3.rel1.macos64_1.1.0.202410301201/tools/bin/../lib/gcc/arm-none-eabi/12.3.1/../../../../arm-none-eabi/lib/thumb/v7e-m+fp/hard/libc_nano.a(libc_a-mallocr.o)
                0x20025d44                __malloc_sbrk_start
 .bss.__malloc_free_list
                0x20025d48        0x4 /Applications/STM32CubeIDE.app/Contents/Eclipse/plugins/com.st.stm32cube.ide.mcu.externaltools.gnu-tools-for-stm32.12.3.rel1.macos64_1.1.0.202410301201/tools/bin/../lib/gcc/arm-none-eabi/12.3.1/../../../../arm-none-eabi/lib/thumb/v7e-m+fp/hard/libc_nano.a(libc_a-mallocr.o)
                0x20025d48                __malloc_free_list
 .bss.errno     0x20025d4c        0x4 /Applications/STM32CubeIDE.app/Contents/Eclipse/plugins/com.st.stm32cube.ide.mcu.externaltools.gnu-tools-for-stm32.12.3.rel1.macos64_1.1.0.202410301201/tools/bin/../lib/gcc/arm-none-eabi/12.3.1/../../../../arm-none-eabi/lib/thumb/v7e-m+fp/hard/libc_nano.a(libc_a-reent.o)
                0x20025d4c                errno
 *(COMMON)
                0x20025d50                        . = ALIGN (0x4)
                0x20025d50                        _ebss = .
                0x20025d50                        __bss_end__ = _ebss

._user_heap_stack
                0x20025d50      0x600
                0x20025d50                        . = ALIGN (0x8)
                [!provide]                        PROVIDE (end = .)
                0x20025d50                        PROVIDE (_end = .)
                0x20025f50                        . = (. + _Min_Heap_Size)
 *fill*         0x20025d50      0x200 
                0x20026350                        . = (. + _Min_Stack_Size)
 *fill*         0x20025f50      0x400 
                0x20026350                        . = ALIGN (0x8)

/DISCARD/
 libc.a(*)
 libm.a(*)
 libgcc.a(*)

.ARM.attributes
                0x00000000       0x30
 *(.ARM.attributes)
 .ARM.attributes
                0x00000000       0x22 /Applications/STM32CubeIDE.app/Contents/Eclipse/plugins/com.st.stm32cube.ide.mcu.externaltools.gnu-tools-for-stm32.12.3.rel1.macos64_1.1.0.202410301201/tools/bin/../lib/gcc/arm-none-eabi/12.3.1/thumb/v7e-m+fp/hard/crti.o
 .ARM.attributes
                0x00000022       0x34 /Applications/STM32CubeIDE.app/Contents/Eclipse/plugins/com.st.stm32cube.ide.mcu.externaltools.gnu-tools-for-stm32.12.3.rel1.macos64_1.1.0.202410301201/tools/bin/../lib/gcc/arm-none-eabi/12.3.1/thumb/v7e-m+fp/hard/crtbegin.o
 .ARM.attributes
                0x00000056       0x34 ./Core/Src/ApplicationCode.o
 .ARM.attributes
                0x0000008a       0x34 ./Core/Src/LCD_Driver.o
 .ARM.attributes
                0x000000be       0x34 ./Core/Src/fonts.o
 .ARM.attributes
                0x000000f2       0x34 ./Core/Src/ili9341.o
 .ARM.attributes
                0x00000126       0x34 ./Core/Src/main.o
 .ARM.attributes
                0x0000015a       0x34 ./Core/Src/stm32f4xx_hal_msp.o
 .ARM.attributes
                0x0000018e       0x34 ./Core/Src/stm32f4xx_it.o
 .ARM.attributes
                0x000001c2       0x34 ./Core/Src/stmpe811.o
 .ARM.attributes
                0x000001f6       0x34 ./Core/Src/syscalls.o
 .ARM.attributes
                0x0000022a       0x34 ./Core/Src/sysmem.o
 .ARM.attributes
                0x0000025e       0x34 ./Core/Src/system_stm32f4xx.o
 .ARM.attributes
                0x00000292       0x21 ./Core/Startup/startup_stm32f429zitx.o
 .ARM.attributes
                0x000002b3       0x34 ./Drivers/STM32F4xx_HAL_Driver/Src/stm32f4xx_hal.o
 .ARM.attributes
                0x000002e7       0x34 ./Drivers/STM32F4xx_HAL_Driver/Src/stm32f4xx_hal_cortex.o
 .ARM.attributes
                0x0000031b       0x34 ./Drivers/STM32F4xx_HAL_Driver/Src/stm32f4xx_hal_gpio.o
 .ARM.attributes
                0x0000034f       0x34 ./Drivers/STM32F4xx_HAL_Driver/Src/stm32f4xx_hal_i2c.o
 .ARM.attributes
                0x00000383       0x34 ./Drivers/STM32F4xx_HAL_Driver/Src/stm32f4xx_hal_i2c_ex.o
 .ARM.attributes
                0x000003b7       0x34 ./Drivers/STM32F4xx_HAL_Driver/Src/stm32f4xx_hal_ltdc.o
 .ARM.attributes
                0x000003eb       0x34 ./Drivers/STM32F4xx_HAL_Driver/Src/stm32f4xx_hal_rcc.o
 .ARM.attributes
                0x0000041f       0x34 ./Drivers/STM32F4xx_HAL_Driver/Src/stm32f4xx_hal_rcc_ex.o
 .ARM.attributes
                0x00000453       0x34 ./Drivers/STM32F4xx_HAL_Driver/Src/stm32f4xx_hal_rng.o
 .ARM.attributes
                0x00000487       0x34 ./Drivers/STM32F4xx_HAL_Driver/Src/stm32f4xx_hal_spi.o
 .ARM.attributes
                0x000004bb       0x34 ./Drivers/STM32F4xx_HAL_Driver/Src/stm32f4xx_hal_tim.o
 .ARM.attributes
                0x000004ef       0x34 ./Drivers/STM32F4xx_HAL_Driver/Src/stm32f4xx_hal_tim_ex.o
 .ARM.attributes
                0x00000523       0x34 /Applications/STM32CubeIDE.app/Contents/Eclipse/plugins/com.st.stm32cube.ide.mcu.externaltools.gnu-tools-for-stm32.12.3.rel1.macos64_1.1.0.202410301201/tools/bin/../lib/gcc/arm-none-eabi/12.3.1/../../../../arm-none-eabi/lib/thumb/v7e-m+fp/hard/libc_nano.a(libc_a-sprintf.o)
 .ARM.attributes
                0x00000557       0x34 /Applications/STM32CubeIDE.app/Contents/Eclipse/plugins/com.st.stm32cube.ide.mcu.externaltools.gnu-tools-for-stm32.12.3.rel1.macos64_1.1.0.202410301201/tools/bin/../lib/gcc/arm-none-eabi/12.3.1/../../../../arm-none-eabi/lib/thumb/v7e-m+fp/hard/libc_nano.a(libc_a-findfp.o)
 .ARM.attributes
                0x0000058b       0x34 /Applications/STM32CubeIDE.app/Contents/Eclipse/plugins/com.st.stm32cube.ide.mcu.externaltools.gnu-tools-for-stm32.12.3.rel1.macos64_1.1.0.202410301201/tools/bin/../lib/gcc/arm-none-eabi/12.3.1/../../../../arm-none-eabi/lib/thumb/v7e-m+fp/hard/libc_nano.a(libc_a-memset.o)
 .ARM.attributes
                0x000005bf       0x34 /Applications/STM32CubeIDE.app/Contents/Eclipse/plugins/com.st.stm32cube.ide.mcu.externaltools.gnu-tools-for-stm32.12.3.rel1.macos64_1.1.0.202410301201/tools/bin/../lib/gcc/arm-none-eabi/12.3.1/../../../../arm-none-eabi/lib/thumb/v7e-m+fp/hard/libc_nano.a(libc_a-impure.o)
 .ARM.attributes
                0x000005f3       0x34 /Applications/STM32CubeIDE.app/Contents/Eclipse/plugins/com.st.stm32cube.ide.mcu.externaltools.gnu-tools-for-stm32.12.3.rel1.macos64_1.1.0.202410301201/tools/bin/../lib/gcc/arm-none-eabi/12.3.1/../../../../arm-none-eabi/lib/thumb/v7e-m+fp/hard/libc_nano.a(libc_a-errno.o)
 .ARM.attributes
                0x00000627       0x34 /Applications/STM32CubeIDE.app/Contents/Eclipse/plugins/com.st.stm32cube.ide.mcu.externaltools.gnu-tools-for-stm32.12.3.rel1.macos64_1.1.0.202410301201/tools/bin/../lib/gcc/arm-none-eabi/12.3.1/../../../../arm-none-eabi/lib/thumb/v7e-m+fp/hard/libc_nano.a(libc_a-init.o)
 .ARM.attributes
                0x0000065b       0x34 /Applications/STM32CubeIDE.app/Contents/Eclipse/plugins/com.st.stm32cube.ide.mcu.externaltools.gnu-tools-for-stm32.12.3.rel1.macos64_1.1.0.202410301201/tools/bin/../lib/gcc/arm-none-eabi/12.3.1/../../../../arm-none-eabi/lib/thumb/v7e-m+fp/hard/libc_nano.a(libc_a-lock.o)
 .ARM.attributes
                0x0000068f       0x17 /Applications/STM32CubeIDE.app/Contents/Eclipse/plugins/com.st.stm32cube.ide.mcu.externaltools.gnu-tools-for-stm32.12.3.rel1.macos64_1.1.0.202410301201/tools/bin/../lib/gcc/arm-none-eabi/12.3.1/../../../../arm-none-eabi/lib/thumb/v7e-m+fp/hard/libc_nano.a(libc_a-strlen.o)
 .ARM.attributes
                0x000006a6       0x34 /Applications/STM32CubeIDE.app/Contents/Eclipse/plugins/com.st.stm32cube.ide.mcu.externaltools.gnu-tools-for-stm32.12.3.rel1.macos64_1.1.0.202410301201/tools/bin/../lib/gcc/arm-none-eabi/12.3.1/../../../../arm-none-eabi/lib/thumb/v7e-m+fp/hard/libc_nano.a(libc_a-nano-svfprintf.o)
 .ARM.attributes
                0x000006da       0x34 /Applications/STM32CubeIDE.app/Contents/Eclipse/plugins/com.st.stm32cube.ide.mcu.externaltools.gnu-tools-for-stm32.12.3.rel1.macos64_1.1.0.202410301201/tools/bin/../lib/gcc/arm-none-eabi/12.3.1/../../../../arm-none-eabi/lib/thumb/v7e-m+fp/hard/libc_nano.a(libc_a-mallocr.o)
 .ARM.attributes
                0x0000070e       0x34 /Applications/STM32CubeIDE.app/Contents/Eclipse/plugins/com.st.stm32cube.ide.mcu.externaltools.gnu-tools-for-stm32.12.3.rel1.macos64_1.1.0.202410301201/tools/bin/../lib/gcc/arm-none-eabi/12.3.1/../../../../arm-none-eabi/lib/thumb/v7e-m+fp/hard/libc_nano.a(libc_a-nano-vfprintf_i.o)
 .ARM.attributes
                0x00000742       0x34 /Applications/STM32CubeIDE.app/Contents/Eclipse/plugins/com.st.stm32cube.ide.mcu.externaltools.gnu-tools-for-stm32.12.3.rel1.macos64_1.1.0.202410301201/tools/bin/../lib/gcc/arm-none-eabi/12.3.1/../../../../arm-none-eabi/lib/thumb/v7e-m+fp/hard/libc_nano.a(libc_a-mlock.o)
 .ARM.attributes
                0x00000776       0x34 /Applications/STM32CubeIDE.app/Contents/Eclipse/plugins/com.st.stm32cube.ide.mcu.externaltools.gnu-tools-for-stm32.12.3.rel1.macos64_1.1.0.202410301201/tools/bin/../lib/gcc/arm-none-eabi/12.3.1/../../../../arm-none-eabi/lib/thumb/v7e-m+fp/hard/libc_nano.a(libc_a-reallocr.o)
 .ARM.attributes
                0x000007aa       0x34 /Applications/STM32CubeIDE.app/Contents/Eclipse/plugins/com.st.stm32cube.ide.mcu.externaltools.gnu-tools-for-stm32.12.3.rel1.macos64_1.1.0.202410301201/tools/bin/../lib/gcc/arm-none-eabi/12.3.1/../../../../arm-none-eabi/lib/thumb/v7e-m+fp/hard/libc_nano.a(libc_a-memmove.o)
 .ARM.attributes
                0x000007de       0x34 /Applications/STM32CubeIDE.app/Contents/Eclipse/plugins/com.st.stm32cube.ide.mcu.externaltools.gnu-tools-for-stm32.12.3.rel1.macos64_1.1.0.202410301201/tools/bin/../lib/gcc/arm-none-eabi/12.3.1/../../../../arm-none-eabi/lib/thumb/v7e-m+fp/hard/libc_nano.a(libc_a-reent.o)
 .ARM.attributes
                0x00000812       0x34 /Applications/STM32CubeIDE.app/Contents/Eclipse/plugins/com.st.stm32cube.ide.mcu.externaltools.gnu-tools-for-stm32.12.3.rel1.macos64_1.1.0.202410301201/tools/bin/../lib/gcc/arm-none-eabi/12.3.1/../../../../arm-none-eabi/lib/thumb/v7e-m+fp/hard/libc_nano.a(libc_a-sbrkr.o)
 .ARM.attributes
                0x00000846       0x1c /Applications/STM32CubeIDE.app/Contents/Eclipse/plugins/com.st.stm32cube.ide.mcu.externaltools.gnu-tools-for-stm32.12.3.rel1.macos64_1.1.0.202410301201/tools/bin/../lib/gcc/arm-none-eabi/12.3.1/../../../../arm-none-eabi/lib/thumb/v7e-m+fp/hard/libc_nano.a(libc_a-memchr.o)
 .ARM.attributes
                0x00000862       0x34 /Applications/STM32CubeIDE.app/Contents/Eclipse/plugins/com.st.stm32cube.ide.mcu.externaltools.gnu-tools-for-stm32.12.3.rel1.macos64_1.1.0.202410301201/tools/bin/../lib/gcc/arm-none-eabi/12.3.1/../../../../arm-none-eabi/lib/thumb/v7e-m+fp/hard/libc_nano.a(libc_a-memcpy-stub.o)
 .ARM.attributes
                0x00000896       0x34 /Applications/STM32CubeIDE.app/Contents/Eclipse/plugins/com.st.stm32cube.ide.mcu.externaltools.gnu-tools-for-stm32.12.3.rel1.macos64_1.1.0.202410301201/tools/bin/../lib/gcc/arm-none-eabi/12.3.1/../../../../arm-none-eabi/lib/thumb/v7e-m+fp/hard/libc_nano.a(libc_a-freer.o)
 .ARM.attributes
                0x000008ca       0x34 /Applications/STM32CubeIDE.app/Contents/Eclipse/plugins/com.st.stm32cube.ide.mcu.externaltools.gnu-tools-for-stm32.12.3.rel1.macos64_1.1.0.202410301201/tools/bin/../lib/gcc/arm-none-eabi/12.3.1/../../../../arm-none-eabi/lib/thumb/v7e-m+fp/hard/libc_nano.a(libc_a-msizer.o)
 .ARM.attributes
                0x000008fe       0x22 /Applications/STM32CubeIDE.app/Contents/Eclipse/plugins/com.st.stm32cube.ide.mcu.externaltools.gnu-tools-for-stm32.12.3.rel1.macos64_1.1.0.202410301201/tools/bin/../lib/gcc/arm-none-eabi/12.3.1/thumb/v7e-m+fp/hard/libgcc.a(_aeabi_uldivmod.o)
 .ARM.attributes
                0x00000920       0x34 /Applications/STM32CubeIDE.app/Contents/Eclipse/plugins/com.st.stm32cube.ide.mcu.externaltools.gnu-tools-for-stm32.12.3.rel1.macos64_1.1.0.202410301201/tools/bin/../lib/gcc/arm-none-eabi/12.3.1/thumb/v7e-m+fp/hard/libgcc.a(_udivmoddi4.o)
 .ARM.attributes
                0x00000954       0x22 /Applications/STM32CubeIDE.app/Contents/Eclipse/plugins/com.st.stm32cube.ide.mcu.externaltools.gnu-tools-for-stm32.12.3.rel1.macos64_1.1.0.202410301201/tools/bin/../lib/gcc/arm-none-eabi/12.3.1/thumb/v7e-m+fp/hard/libgcc.a(_dvmd_tls.o)
 .ARM.attributes
                0x00000976       0x22 /Applications/STM32CubeIDE.app/Contents/Eclipse/plugins/com.st.stm32cube.ide.mcu.externaltools.gnu-tools-for-stm32.12.3.rel1.macos64_1.1.0.202410301201/tools/bin/../lib/gcc/arm-none-eabi/12.3.1/thumb/v7e-m+fp/hard/crtn.o
OUTPUT(ECEN2370_StarterCode_SP25.elf elf32-littlearm)
LOAD linker stubs
LOAD /Applications/STM32CubeIDE.app/Contents/Eclipse/plugins/com.st.stm32cube.ide.mcu.externaltools.gnu-tools-for-stm32.12.3.rel1.macos64_1.1.0.202410301201/tools/bin/../lib/gcc/arm-none-eabi/12.3.1/../../../../arm-none-eabi/lib/thumb/v7e-m+fp/hard/libc.a
LOAD /Applications/STM32CubeIDE.app/Contents/Eclipse/plugins/com.st.stm32cube.ide.mcu.externaltools.gnu-tools-for-stm32.12.3.rel1.macos64_1.1.0.202410301201/tools/bin/../lib/gcc/arm-none-eabi/12.3.1/../../../../arm-none-eabi/lib/thumb/v7e-m+fp/hard/libm.a
LOAD /Applications/STM32CubeIDE.app/Contents/Eclipse/plugins/com.st.stm32cube.ide.mcu.externaltools.gnu-tools-for-stm32.12.3.rel1.macos64_1.1.0.202410301201/tools/bin/../lib/gcc/arm-none-eabi/12.3.1/thumb/v7e-m+fp/hard/libgcc.a

.debug_info     0x00000000    0x1383e
 .debug_info    0x00000000      0xcdf ./Core/Src/ApplicationCode.o
 .debug_info    0x00000cdf      0xfbd ./Core/Src/LCD_Driver.o
 .debug_info    0x00001c9c      0x145 ./Core/Src/fonts.o
 .debug_info    0x00001de1      0xc85 ./Core/Src/ili9341.o
 .debug_info    0x00002a66     0x1982 ./Core/Src/main.o
 .debug_info    0x000043e8     0x17b6 ./Core/Src/stm32f4xx_hal_msp.o
 .debug_info    0x00005b9e      0x112 ./Core/Src/stm32f4xx_it.o
 .debug_info    0x00005cb0      0xdd6 ./Core/Src/stmpe811.o
 .debug_info    0x00006a86      0x6a3 ./Core/Src/syscalls.o
 .debug_info    0x00007129      0x168 ./Core/Src/sysmem.o
 .debug_info    0x00007291      0x52e ./Core/Src/system_stm32f4xx.o
 .debug_info    0x000077bf       0x30 ./Core/Startup/startup_stm32f429zitx.o
 .debug_info    0x000077ef      0x9ba ./Drivers/STM32F4xx_HAL_Driver/Src/stm32f4xx_hal.o
 .debug_info    0x000081a9      0xdc2 ./Drivers/STM32F4xx_HAL_Driver/Src/stm32f4xx_hal_cortex.o
 .debug_info    0x00008f6b      0x6db ./Drivers/STM32F4xx_HAL_Driver/Src/stm32f4xx_hal_gpio.o
 .debug_info    0x00009646     0x2421 ./Drivers/STM32F4xx_HAL_Driver/Src/stm32f4xx_hal_i2c.o
 .debug_info    0x0000ba67      0x672 ./Drivers/STM32F4xx_HAL_Driver/Src/stm32f4xx_hal_i2c_ex.o
 .debug_info    0x0000c0d9     0x1022 ./Drivers/STM32F4xx_HAL_Driver/Src/stm32f4xx_hal_ltdc.o
 .debug_info    0x0000d0fb      0x8c7 ./Drivers/STM32F4xx_HAL_Driver/Src/stm32f4xx_hal_rcc.o
 .debug_info    0x0000d9c2      0x64c ./Drivers/STM32F4xx_HAL_Driver/Src/stm32f4xx_hal_rcc_ex.o
 .debug_info    0x0000e00e      0x493 ./Drivers/STM32F4xx_HAL_Driver/Src/stm32f4xx_hal_rng.o
 .debug_info    0x0000e4a1     0x1525 ./Drivers/STM32F4xx_HAL_Driver/Src/stm32f4xx_hal_spi.o
 .debug_info    0x0000f9c6     0x299d ./Drivers/STM32F4xx_HAL_Driver/Src/stm32f4xx_hal_tim.o
 .debug_info    0x00012363     0x14db ./Drivers/STM32F4xx_HAL_Driver/Src/stm32f4xx_hal_tim_ex.o

.debug_abbrev   0x00000000     0x30ef
 .debug_abbrev  0x00000000      0x346 ./Core/Src/ApplicationCode.o
 .debug_abbrev  0x00000346      0x32a ./Core/Src/LCD_Driver.o
 .debug_abbrev  0x00000670       0xc6 ./Core/Src/fonts.o
 .debug_abbrev  0x00000736      0x2c9 ./Core/Src/ili9341.o
 .debug_abbrev  0x000009ff      0x2cc ./Core/Src/main.o
 .debug_abbrev  0x00000ccb      0x25c ./Core/Src/stm32f4xx_hal_msp.o
 .debug_abbrev  0x00000f27       0x73 ./Core/Src/stm32f4xx_it.o
 .debug_abbrev  0x00000f9a      0x2c9 ./Core/Src/stmpe811.o
 .debug_abbrev  0x00001263      0x1b6 ./Core/Src/syscalls.o
 .debug_abbrev  0x00001419       0xbc ./Core/Src/sysmem.o
 .debug_abbrev  0x000014d5      0x11a ./Core/Src/system_stm32f4xx.o
 .debug_abbrev  0x000015ef       0x24 ./Core/Startup/startup_stm32f429zitx.o
 .debug_abbrev  0x00001613      0x214 ./Drivers/STM32F4xx_HAL_Driver/Src/stm32f4xx_hal.o
 .debug_abbrev  0x00001827      0x31d ./Drivers/STM32F4xx_HAL_Driver/Src/stm32f4xx_hal_cortex.o
 .debug_abbrev  0x00001b44      0x1d4 ./Drivers/STM32F4xx_HAL_Driver/Src/stm32f4xx_hal_gpio.o
 .debug_abbrev  0x00001d18      0x2ad ./Drivers/STM32F4xx_HAL_Driver/Src/stm32f4xx_hal_i2c.o
 .debug_abbrev  0x00001fc5      0x157 ./Drivers/STM32F4xx_HAL_Driver/Src/stm32f4xx_hal_i2c_ex.o
 .debug_abbrev  0x0000211c      0x233 ./Drivers/STM32F4xx_HAL_Driver/Src/stm32f4xx_hal_ltdc.o
 .debug_abbrev  0x0000234f      0x2b7 ./Drivers/STM32F4xx_HAL_Driver/Src/stm32f4xx_hal_rcc.o
 .debug_abbrev  0x00002606      0x1b0 ./Drivers/STM32F4xx_HAL_Driver/Src/stm32f4xx_hal_rcc_ex.o
 .debug_abbrev  0x000027b6      0x1c4 ./Drivers/STM32F4xx_HAL_Driver/Src/stm32f4xx_hal_rng.o
 .debug_abbrev  0x0000297a      0x27a ./Drivers/STM32F4xx_HAL_Driver/Src/stm32f4xx_hal_spi.o
 .debug_abbrev  0x00002bf4      0x278 ./Drivers/STM32F4xx_HAL_Driver/Src/stm32f4xx_hal_tim.o
 .debug_abbrev  0x00002e6c      0x283 ./Drivers/STM32F4xx_HAL_Driver/Src/stm32f4xx_hal_tim_ex.o

.debug_aranges  0x00000000     0x13d8
 .debug_aranges
                0x00000000       0x88 ./Core/Src/ApplicationCode.o
 .debug_aranges
                0x00000088       0xb0 ./Core/Src/LCD_Driver.o
 .debug_aranges
                0x00000138       0x18 ./Core/Src/fonts.o
 .debug_aranges
                0x00000150       0x98 ./Core/Src/ili9341.o
 .debug_aranges
                0x000001e8       0x60 ./Core/Src/main.o
 .debug_aranges
                0x00000248       0x70 ./Core/Src/stm32f4xx_hal_msp.o
 .debug_aranges
                0x000002b8       0x60 ./Core/Src/stm32f4xx_it.o
 .debug_aranges
                0x00000318       0x88 ./Core/Src/stmpe811.o
 .debug_aranges
                0x000003a0       0xa8 ./Core/Src/syscalls.o
 .debug_aranges
                0x00000448       0x20 ./Core/Src/sysmem.o
 .debug_aranges
                0x00000468       0x28 ./Core/Src/system_stm32f4xx.o
 .debug_aranges
                0x00000490       0x28 ./Core/Startup/startup_stm32f429zitx.o
 .debug_aranges
                0x000004b8      0x100 ./Drivers/STM32F4xx_HAL_Driver/Src/stm32f4xx_hal.o
 .debug_aranges
                0x000005b8      0x130 ./Drivers/STM32F4xx_HAL_Driver/Src/stm32f4xx_hal_cortex.o
 .debug_aranges
                0x000006e8       0x58 ./Drivers/STM32F4xx_HAL_Driver/Src/stm32f4xx_hal_gpio.o
 .debug_aranges
                0x00000740      0x2a8 ./Drivers/STM32F4xx_HAL_Driver/Src/stm32f4xx_hal_i2c.o
 .debug_aranges
                0x000009e8       0x28 ./Drivers/STM32F4xx_HAL_Driver/Src/stm32f4xx_hal_i2c_ex.o
 .debug_aranges
                0x00000a10      0x158 ./Drivers/STM32F4xx_HAL_Driver/Src/stm32f4xx_hal_ltdc.o
 .debug_aranges
                0x00000b68       0x88 ./Drivers/STM32F4xx_HAL_Driver/Src/stm32f4xx_hal_rcc.o
 .debug_aranges
                0x00000bf0       0x58 ./Drivers/STM32F4xx_HAL_Driver/Src/stm32f4xx_hal_rcc_ex.o
 .debug_aranges
                0x00000c48       0x88 ./Drivers/STM32F4xx_HAL_Driver/Src/stm32f4xx_hal_rng.o
 .debug_aranges
                0x00000cd0      0x1d0 ./Drivers/STM32F4xx_HAL_Driver/Src/stm32f4xx_hal_spi.o
 .debug_aranges
                0x00000ea0      0x3d0 ./Drivers/STM32F4xx_HAL_Driver/Src/stm32f4xx_hal_tim.o
 .debug_aranges
                0x00001270      0x168 ./Drivers/STM32F4xx_HAL_Driver/Src/stm32f4xx_hal_tim_ex.o

.debug_rnglists
                0x00000000      0xf6c
 .debug_rnglists
                0x00000000       0x81 ./Core/Src/ApplicationCode.o
 .debug_rnglists
                0x00000081       0x85 ./Core/Src/LCD_Driver.o
 .debug_rnglists
                0x00000106       0x6f ./Core/Src/ili9341.o
 .debug_rnglists
                0x00000175       0x48 ./Core/Src/main.o
 .debug_rnglists
                0x000001bd       0x53 ./Core/Src/stm32f4xx_hal_msp.o
 .debug_rnglists
                0x00000210       0x43 ./Core/Src/stm32f4xx_it.o
 .debug_rnglists
                0x00000253       0x67 ./Core/Src/stmpe811.o
 .debug_rnglists
                0x000002ba       0x79 ./Core/Src/syscalls.o
 .debug_rnglists
                0x00000333       0x13 ./Core/Src/sysmem.o
 .debug_rnglists
                0x00000346       0x1a ./Core/Src/system_stm32f4xx.o
 .debug_rnglists
                0x00000360       0x19 ./Core/Startup/startup_stm32f429zitx.o
 .debug_rnglists
                0x00000379       0xbb ./Drivers/STM32F4xx_HAL_Driver/Src/stm32f4xx_hal.o
 .debug_rnglists
                0x00000434       0xe0 ./Drivers/STM32F4xx_HAL_Driver/Src/stm32f4xx_hal_cortex.o
 .debug_rnglists
                0x00000514       0x3f ./Drivers/STM32F4xx_HAL_Driver/Src/stm32f4xx_hal_gpio.o
 .debug_rnglists
                0x00000553      0x23c ./Drivers/STM32F4xx_HAL_Driver/Src/stm32f4xx_hal_i2c.o
 .debug_rnglists
                0x0000078f       0x19 ./Drivers/STM32F4xx_HAL_Driver/Src/stm32f4xx_hal_i2c_ex.o
 .debug_rnglists
                0x000007a8      0x10a ./Drivers/STM32F4xx_HAL_Driver/Src/stm32f4xx_hal_ltdc.o
 .debug_rnglists
                0x000008b2       0x66 ./Drivers/STM32F4xx_HAL_Driver/Src/stm32f4xx_hal_rcc.o
 .debug_rnglists
                0x00000918       0x43 ./Drivers/STM32F4xx_HAL_Driver/Src/stm32f4xx_hal_rcc_ex.o
 .debug_rnglists
                0x0000095b       0x63 ./Drivers/STM32F4xx_HAL_Driver/Src/stm32f4xx_hal_rng.o
 .debug_rnglists
                0x000009be      0x16f ./Drivers/STM32F4xx_HAL_Driver/Src/stm32f4xx_hal_spi.o
 .debug_rnglists
                0x00000b2d      0x31a ./Drivers/STM32F4xx_HAL_Driver/Src/stm32f4xx_hal_tim.o
 .debug_rnglists
                0x00000e47      0x125 ./Drivers/STM32F4xx_HAL_Driver/Src/stm32f4xx_hal_tim_ex.o

.debug_macro    0x00000000    0x2712f
 .debug_macro   0x00000000      0x387 ./Core/Src/ApplicationCode.o
 .debug_macro   0x00000387      0xab4 ./Core/Src/ApplicationCode.o
 .debug_macro   0x00000e3b      0x2ad ./Core/Src/ApplicationCode.o
 .debug_macro   0x000010e8       0x2e ./Core/Src/ApplicationCode.o
 .debug_macro   0x00001116       0x28 ./Core/Src/ApplicationCode.o
 .debug_macro   0x0000113e       0x22 ./Core/Src/ApplicationCode.o
 .debug_macro   0x00001160       0x8e ./Core/Src/ApplicationCode.o
 .debug_macro   0x000011ee       0x51 ./Core/Src/ApplicationCode.o
 .debug_macro   0x0000123f      0x103 ./Core/Src/ApplicationCode.o
 .debug_macro   0x00001342       0x6a ./Core/Src/ApplicationCode.o
 .debug_macro   0x000013ac      0x1df ./Core/Src/ApplicationCode.o
 .debug_macro   0x0000158b       0x1c ./Core/Src/ApplicationCode.o
 .debug_macro   0x000015a7       0x22 ./Core/Src/ApplicationCode.o
 .debug_macro   0x000015c9       0xfb ./Core/Src/ApplicationCode.o
 .debug_macro   0x000016c4     0x1011 ./Core/Src/ApplicationCode.o
 .debug_macro   0x000026d5      0x11f ./Core/Src/ApplicationCode.o
 .debug_macro   0x000027f4    0x17fd8 ./Core/Src/ApplicationCode.o
 .debug_macro   0x0001a7cc       0x6d ./Core/Src/ApplicationCode.o
 .debug_macro   0x0001a839     0x3711 ./Core/Src/ApplicationCode.o
 .debug_macro   0x0001df4a      0x189 ./Core/Src/ApplicationCode.o
 .debug_macro   0x0001e0d3       0x5c ./Core/Src/ApplicationCode.o
 .debug_macro   0x0001e12f      0xcba ./Core/Src/ApplicationCode.o
 .debug_macro   0x0001ede9      0x9e9 ./Core/Src/ApplicationCode.o
 .debug_macro   0x0001f7d2      0x115 ./Core/Src/ApplicationCode.o
 .debug_macro   0x0001f8e7      0x156 ./Core/Src/ApplicationCode.o
 .debug_macro   0x0001fa3d       0xa5 ./Core/Src/ApplicationCode.o
 .debug_macro   0x0001fae2      0x182 ./Core/Src/ApplicationCode.o
 .debug_macro   0x0001fc64      0x287 ./Core/Src/ApplicationCode.o
 .debug_macro   0x0001feeb       0x5f ./Core/Src/ApplicationCode.o
 .debug_macro   0x0001ff4a      0x236 ./Core/Src/ApplicationCode.o
 .debug_macro   0x00020180      0x132 ./Core/Src/ApplicationCode.o
 .debug_macro   0x000202b2      0x41d ./Core/Src/ApplicationCode.o
 .debug_macro   0x000206cf       0x2e ./Core/Src/ApplicationCode.o
 .debug_macro   0x000206fd      0x1b5 ./Core/Src/ApplicationCode.o
 .debug_macro   0x000208b2       0x22 ./Core/Src/ApplicationCode.o
 .debug_macro   0x000208d4       0xd6 ./Core/Src/ApplicationCode.o
 .debug_macro   0x000209aa      0x198 ./Core/Src/ApplicationCode.o
 .debug_macro   0x00020b42       0xd6 ./Core/Src/ApplicationCode.o
 .debug_macro   0x00020c18      0x127 ./Core/Src/ApplicationCode.o
 .debug_macro   0x00020d3f       0xe2 ./Core/Src/ApplicationCode.o
 .debug_macro   0x00020e21       0x89 ./Core/Src/ApplicationCode.o
 .debug_macro   0x00020eaa       0xa4 ./Core/Src/ApplicationCode.o
 .debug_macro   0x00020f4e      0x225 ./Core/Src/ApplicationCode.o
 .debug_macro   0x00021173      0x8ed ./Core/Src/ApplicationCode.o
 .debug_macro   0x00021a60       0x4d ./Core/Src/ApplicationCode.o
 .debug_macro   0x00021aad      0x134 ./Core/Src/ApplicationCode.o
 .debug_macro   0x00021be1      0x332 ./Core/Src/ApplicationCode.o
 .debug_macro   0x00021f13       0x22 ./Core/Src/ApplicationCode.o
 .debug_macro   0x00021f35      0x173 ./Core/Src/ApplicationCode.o
 .debug_macro   0x000220a8       0x88 ./Core/Src/ApplicationCode.o
 .debug_macro   0x00022130       0x61 ./Core/Src/ApplicationCode.o
 .debug_macro   0x00022191       0x2a ./Core/Src/ApplicationCode.o
 .debug_macro   0x000221bb       0x43 ./Core/Src/ApplicationCode.o
 .debug_macro   0x000221fe       0x34 ./Core/Src/ApplicationCode.o
 .debug_macro   0x00022232       0x16 ./Core/Src/ApplicationCode.o
 .debug_macro   0x00022248       0x35 ./Core/Src/ApplicationCode.o
 .debug_macro   0x0002227d      0x369 ./Core/Src/ApplicationCode.o
 .debug_macro   0x000225e6       0x10 ./Core/Src/ApplicationCode.o
 .debug_macro   0x000225f6       0x16 ./Core/Src/ApplicationCode.o
 .debug_macro   0x0002260c       0x43 ./Core/Src/ApplicationCode.o
 .debug_macro   0x0002264f       0x34 ./Core/Src/ApplicationCode.o
 .debug_macro   0x00022683       0x10 ./Core/Src/ApplicationCode.o
 .debug_macro   0x00022693       0x58 ./Core/Src/ApplicationCode.o
 .debug_macro   0x000226eb       0x8e ./Core/Src/ApplicationCode.o
 .debug_macro   0x00022779       0x1c ./Core/Src/ApplicationCode.o
 .debug_macro   0x00022795      0x177 ./Core/Src/ApplicationCode.o
 .debug_macro   0x0002290c       0x16 ./Core/Src/ApplicationCode.o
 .debug_macro   0x00022922       0x16 ./Core/Src/ApplicationCode.o
 .debug_macro   0x00022938      0x146 ./Core/Src/ApplicationCode.o
 .debug_macro   0x00022a7e      0x4ce ./Core/Src/ApplicationCode.o
 .debug_macro   0x00022f4c      0x245 ./Core/Src/LCD_Driver.o
 .debug_macro   0x00023191       0x6d ./Core/Src/fonts.o
 .debug_macro   0x000231fe      0x21a ./Core/Src/ili9341.o
 .debug_macro   0x00023418      0x32c ./Core/Src/ili9341.o
 .debug_macro   0x00023744      0x33a ./Core/Src/main.o
 .debug_macro   0x00023a7e      0x4c8 ./Core/Src/main.o
 .debug_macro   0x00023f46      0x21a ./Core/Src/stm32f4xx_hal_msp.o
 .debug_macro   0x00024160      0x224 ./Core/Src/stm32f4xx_it.o
 .debug_macro   0x00024384      0x235 ./Core/Src/stmpe811.o
 .debug_macro   0x000245b9      0x274 ./Core/Src/syscalls.o
 .debug_macro   0x0002482d       0x5b ./Core/Src/syscalls.o
 .debug_macro   0x00024888       0x94 ./Core/Src/syscalls.o
 .debug_macro   0x0002491c       0x57 ./Core/Src/syscalls.o
 .debug_macro   0x00024973       0x10 ./Core/Src/syscalls.o
 .debug_macro   0x00024983       0x10 ./Core/Src/syscalls.o
 .debug_macro   0x00024993       0x10 ./Core/Src/syscalls.o
 .debug_macro   0x000249a3       0x10 ./Core/Src/syscalls.o
 .debug_macro   0x000249b3       0x1c ./Core/Src/syscalls.o
 .debug_macro   0x000249cf       0x52 ./Core/Src/syscalls.o
 .debug_macro   0x00024a21       0x22 ./Core/Src/syscalls.o
 .debug_macro   0x00024a43       0x10 ./Core/Src/syscalls.o
 .debug_macro   0x00024a53       0x52 ./Core/Src/syscalls.o
 .debug_macro   0x00024aa5       0xcf ./Core/Src/syscalls.o
 .debug_macro   0x00024b74       0x1c ./Core/Src/syscalls.o
 .debug_macro   0x00024b90       0x3d ./Core/Src/syscalls.o
 .debug_macro   0x00024bcd       0x35 ./Core/Src/syscalls.o
 .debug_macro   0x00024c02      0x12c ./Core/Src/syscalls.o
 .debug_macro   0x00024d2e       0x16 ./Core/Src/syscalls.o
 .debug_macro   0x00024d44       0x16 ./Core/Src/syscalls.o
 .debug_macro   0x00024d5a       0x29 ./Core/Src/syscalls.o
 .debug_macro   0x00024d83       0x10 ./Core/Src/syscalls.o
 .debug_macro   0x00024d93      0x242 ./Core/Src/syscalls.o
 .debug_macro   0x00024fd5       0x1c ./Core/Src/syscalls.o
 .debug_macro   0x00024ff1       0x10 ./Core/Src/syscalls.o
 .debug_macro   0x00025001      0x18a ./Core/Src/syscalls.o
 .debug_macro   0x0002518b       0x16 ./Core/Src/syscalls.o
 .debug_macro   0x000251a1       0xce ./Core/Src/syscalls.o
 .debug_macro   0x0002526f       0xff ./Core/Src/sysmem.o
 .debug_macro   0x0002536e      0x23c ./Core/Src/sysmem.o
 .debug_macro   0x000255aa      0x20b ./Core/Src/system_stm32f4xx.o
 .debug_macro   0x000257b5      0x26b ./Drivers/STM32F4xx_HAL_Driver/Src/stm32f4xx_hal.o
 .debug_macro   0x00025a20      0x20b ./Drivers/STM32F4xx_HAL_Driver/Src/stm32f4xx_hal_cortex.o
 .debug_macro   0x00025c2b      0x211 ./Drivers/STM32F4xx_HAL_Driver/Src/stm32f4xx_hal_gpio.o
 .debug_macro   0x00025e3c      0x259 ./Drivers/STM32F4xx_HAL_Driver/Src/stm32f4xx_hal_i2c.o
 .debug_macro   0x00026095      0x20b ./Drivers/STM32F4xx_HAL_Driver/Src/stm32f4xx_hal_i2c_ex.o
 .debug_macro   0x000262a0      0x213 ./Drivers/STM32F4xx_HAL_Driver/Src/stm32f4xx_hal_ltdc.o
 .debug_macro   0x000264b3      0x22f ./Drivers/STM32F4xx_HAL_Driver/Src/stm32f4xx_hal_rcc.o
 .debug_macro   0x000266e2      0x20b ./Drivers/STM32F4xx_HAL_Driver/Src/stm32f4xx_hal_rcc_ex.o
 .debug_macro   0x000268ed      0x211 ./Drivers/STM32F4xx_HAL_Driver/Src/stm32f4xx_hal_rng.o
 .debug_macro   0x00026afe      0x21a ./Drivers/STM32F4xx_HAL_Driver/Src/stm32f4xx_hal_spi.o
 .debug_macro   0x00026d18      0x20c ./Drivers/STM32F4xx_HAL_Driver/Src/stm32f4xx_hal_tim.o
 .debug_macro   0x00026f24      0x20b ./Drivers/STM32F4xx_HAL_Driver/Src/stm32f4xx_hal_tim_ex.o

.debug_line     0x00000000    0x17a77
 .debug_line    0x00000000     0x10ec ./Core/Src/ApplicationCode.o
 .debug_line    0x000010ec      0xb68 ./Core/Src/LCD_Driver.o
 .debug_line    0x00001c54      0x39f ./Core/Src/fonts.o
 .debug_line    0x00001ff3      0x997 ./Core/Src/ili9341.o
 .debug_line    0x0000298a      0xc3e ./Core/Src/main.o
 .debug_line    0x000035c8      0x955 ./Core/Src/stm32f4xx_hal_msp.o
 .debug_line    0x00003f1d      0x818 ./Core/Src/stm32f4xx_it.o
 .debug_line    0x00004735      0xb6a ./Core/Src/stmpe811.o
 .debug_line    0x0000529f      0x841 ./Core/Src/syscalls.o
 .debug_line    0x00005ae0      0x512 ./Core/Src/sysmem.o
 .debug_line    0x00005ff2      0x7da ./Core/Src/system_stm32f4xx.o
 .debug_line    0x000067cc       0x7a ./Core/Startup/startup_stm32f429zitx.o
 .debug_line    0x00006846      0xa79 ./Drivers/STM32F4xx_HAL_Driver/Src/stm32f4xx_hal.o
 .debug_line    0x000072bf      0xd35 ./Drivers/STM32F4xx_HAL_Driver/Src/stm32f4xx_hal_cortex.o
 .debug_line    0x00007ff4      0xbf7 ./Drivers/STM32F4xx_HAL_Driver/Src/stm32f4xx_hal_gpio.o
 .debug_line    0x00008beb     0x3b89 ./Drivers/STM32F4xx_HAL_Driver/Src/stm32f4xx_hal_i2c.o
 .debug_line    0x0000c774      0x7d0 ./Drivers/STM32F4xx_HAL_Driver/Src/stm32f4xx_hal_i2c_ex.o
 .debug_line    0x0000cf44     0x17fa ./Drivers/STM32F4xx_HAL_Driver/Src/stm32f4xx_hal_ltdc.o
 .debug_line    0x0000e73e      0xdce ./Drivers/STM32F4xx_HAL_Driver/Src/stm32f4xx_hal_rcc.o
 .debug_line    0x0000f50c      0xc18 ./Drivers/STM32F4xx_HAL_Driver/Src/stm32f4xx_hal_rcc_ex.o
 .debug_line    0x00010124      0x9d2 ./Drivers/STM32F4xx_HAL_Driver/Src/stm32f4xx_hal_rng.o
 .debug_line    0x00010af6     0x1d61 ./Drivers/STM32F4xx_HAL_Driver/Src/stm32f4xx_hal_spi.o
 .debug_line    0x00012857     0x37e7 ./Drivers/STM32F4xx_HAL_Driver/Src/stm32f4xx_hal_tim.o
 .debug_line    0x0001603e     0x1a39 ./Drivers/STM32F4xx_HAL_Driver/Src/stm32f4xx_hal_tim_ex.o

.debug_str      0x00000000    0xe2b63
 .debug_str     0x00000000    0xdb552 ./Core/Src/ApplicationCode.o
                              0xdb85a (size before relaxing)
 .debug_str     0x000db552      0x6ad ./Core/Src/LCD_Driver.o
                              0xd7640 (size before relaxing)
 .debug_str     0x000dbbff       0x40 ./Core/Src/fonts.o
                               0x3d88 (size before relaxing)
 .debug_str     0x000dbc3f      0x50d ./Core/Src/ili9341.o
                              0xd6bd3 (size before relaxing)
 .debug_str     0x000dc14c      0x84f ./Core/Src/main.o
                              0xdc4bd (size before relaxing)
 .debug_str     0x000dc99b      0x11e ./Core/Src/stm32f4xx_hal_msp.o
                              0xd77a7 (size before relaxing)
 .debug_str     0x000dcab9       0xc9 ./Core/Src/stm32f4xx_it.o
                              0xd67c3 (size before relaxing)
 .debug_str     0x000dcb82      0x171 ./Core/Src/stmpe811.o
                              0xd686d (size before relaxing)
 .debug_str     0x000dccf3     0x20a2 ./Core/Src/syscalls.o
                               0x98bf (size before relaxing)
 .debug_str     0x000ded95       0x6b ./Core/Src/sysmem.o
                               0x60d7 (size before relaxing)
 .debug_str     0x000dee00       0xdb ./Core/Src/system_stm32f4xx.o
                              0xd59c5 (size before relaxing)
 .debug_str     0x000deedb       0x44 ./Core/Startup/startup_stm32f429zitx.o
                                 0x8a (size before relaxing)
 .debug_str     0x000def1f      0xb6e ./Drivers/STM32F4xx_HAL_Driver/Src/stm32f4xx_hal.o
                              0xd65e8 (size before relaxing)
 .debug_str     0x000dfa8d      0x392 ./Drivers/STM32F4xx_HAL_Driver/Src/stm32f4xx_hal_cortex.o
                              0xd6316 (size before relaxing)
 .debug_str     0x000dfe1f      0x110 ./Drivers/STM32F4xx_HAL_Driver/Src/stm32f4xx_hal_gpio.o
                              0xd5b40 (size before relaxing)
 .debug_str     0x000dff2f      0xb1e ./Drivers/STM32F4xx_HAL_Driver/Src/stm32f4xx_hal_i2c.o
                              0xd69d5 (size before relaxing)
 .debug_str     0x000e0a4d       0x3b ./Drivers/STM32F4xx_HAL_Driver/Src/stm32f4xx_hal_i2c_ex.o
                              0xd5d94 (size before relaxing)
 .debug_str     0x000e0a88      0x491 ./Drivers/STM32F4xx_HAL_Driver/Src/stm32f4xx_hal_ltdc.o
                              0xd6029 (size before relaxing)
 .debug_str     0x000e0f19      0x213 ./Drivers/STM32F4xx_HAL_Driver/Src/stm32f4xx_hal_rcc.o
                              0xd5df9 (size before relaxing)
 .debug_str     0x000e112c      0x133 ./Drivers/STM32F4xx_HAL_Driver/Src/stm32f4xx_hal_rcc_ex.o
                              0xd5bc0 (size before relaxing)
 .debug_str     0x000e125f      0x16f ./Drivers/STM32F4xx_HAL_Driver/Src/stm32f4xx_hal_rng.o
                              0xd5ab2 (size before relaxing)
 .debug_str     0x000e13ce      0x518 ./Drivers/STM32F4xx_HAL_Driver/Src/stm32f4xx_hal_spi.o
                              0xd6270 (size before relaxing)
 .debug_str     0x000e18e6      0xdea ./Drivers/STM32F4xx_HAL_Driver/Src/stm32f4xx_hal_tim.o
                              0xd6d3c (size before relaxing)
 .debug_str     0x000e26d0      0x493 ./Drivers/STM32F4xx_HAL_Driver/Src/stm32f4xx_hal_tim_ex.o
                              0xd6548 (size before relaxing)

.comment        0x00000000       0x43
 .comment       0x00000000       0x43 ./Core/Src/ApplicationCode.o
                                 0x44 (size before relaxing)
 .comment       0x00000043       0x44 ./Core/Src/LCD_Driver.o
 .comment       0x00000043       0x44 ./Core/Src/fonts.o
 .comment       0x00000043       0x44 ./Core/Src/ili9341.o
 .comment       0x00000043       0x44 ./Core/Src/main.o
 .comment       0x00000043       0x44 ./Core/Src/stm32f4xx_hal_msp.o
 .comment       0x00000043       0x44 ./Core/Src/stm32f4xx_it.o
 .comment       0x00000043       0x44 ./Core/Src/stmpe811.o
 .comment       0x00000043       0x44 ./Core/Src/syscalls.o
 .comment       0x00000043       0x44 ./Core/Src/sysmem.o
 .comment       0x00000043       0x44 ./Core/Src/system_stm32f4xx.o
 .comment       0x00000043       0x44 ./Drivers/STM32F4xx_HAL_Driver/Src/stm32f4xx_hal.o
 .comment       0x00000043       0x44 ./Drivers/STM32F4xx_HAL_Driver/Src/stm32f4xx_hal_cortex.o
 .comment       0x00000043       0x44 ./Drivers/STM32F4xx_HAL_Driver/Src/stm32f4xx_hal_gpio.o
 .comment       0x00000043       0x44 ./Drivers/STM32F4xx_HAL_Driver/Src/stm32f4xx_hal_i2c.o
 .comment       0x00000043       0x44 ./Drivers/STM32F4xx_HAL_Driver/Src/stm32f4xx_hal_i2c_ex.o
 .comment       0x00000043       0x44 ./Drivers/STM32F4xx_HAL_Driver/Src/stm32f4xx_hal_ltdc.o
 .comment       0x00000043       0x44 ./Drivers/STM32F4xx_HAL_Driver/Src/stm32f4xx_hal_rcc.o
 .comment       0x00000043       0x44 ./Drivers/STM32F4xx_HAL_Driver/Src/stm32f4xx_hal_rcc_ex.o
 .comment       0x00000043       0x44 ./Drivers/STM32F4xx_HAL_Driver/Src/stm32f4xx_hal_rng.o
 .comment       0x00000043       0x44 ./Drivers/STM32F4xx_HAL_Driver/Src/stm32f4xx_hal_spi.o
 .comment       0x00000043       0x44 ./Drivers/STM32F4xx_HAL_Driver/Src/stm32f4xx_hal_tim.o
 .comment       0x00000043       0x44 ./Drivers/STM32F4xx_HAL_Driver/Src/stm32f4xx_hal_tim_ex.o

.debug_frame    0x00000000     0x5870
 .debug_frame   0x00000000      0x210 ./Core/Src/ApplicationCode.o
 .debug_frame   0x00000210      0x2b0 ./Core/Src/LCD_Driver.o
 .debug_frame   0x000004c0      0x228 ./Core/Src/ili9341.o
 .debug_frame   0x000006e8      0x130 ./Core/Src/main.o
 .debug_frame   0x00000818      0x1b0 ./Core/Src/stm32f4xx_hal_msp.o
 .debug_frame   0x000009c8      0x104 ./Core/Src/stm32f4xx_it.o
 .debug_frame   0x00000acc      0x204 ./Core/Src/stmpe811.o
 .debug_frame   0x00000cd0      0x2ac ./Core/Src/syscalls.o
 .debug_frame   0x00000f7c       0x34 ./Core/Src/sysmem.o
 .debug_frame   0x00000fb0       0x58 ./Core/Src/system_stm32f4xx.o
 .debug_frame   0x00001008      0x3b4 ./Drivers/STM32F4xx_HAL_Driver/Src/stm32f4xx_hal.o
 .debug_frame   0x000013bc      0x508 ./Drivers/STM32F4xx_HAL_Driver/Src/stm32f4xx_hal_cortex.o
 .debug_frame   0x000018c4      0x14c ./Drivers/STM32F4xx_HAL_Driver/Src/stm32f4xx_hal_gpio.o
 .debug_frame   0x00001a10      0xc84 ./Drivers/STM32F4xx_HAL_Driver/Src/stm32f4xx_hal_i2c.o
 .debug_frame   0x00002694       0x60 ./Drivers/STM32F4xx_HAL_Driver/Src/stm32f4xx_hal_i2c_ex.o
 .debug_frame   0x000026f4      0x61c ./Drivers/STM32F4xx_HAL_Driver/Src/stm32f4xx_hal_ltdc.o
 .debug_frame   0x00002d10      0x1f4 ./Drivers/STM32F4xx_HAL_Driver/Src/stm32f4xx_hal_rcc.o
 .debug_frame   0x00002f04      0x13c ./Drivers/STM32F4xx_HAL_Driver/Src/stm32f4xx_hal_rcc_ex.o
 .debug_frame   0x00003040      0x22c ./Drivers/STM32F4xx_HAL_Driver/Src/stm32f4xx_hal_rng.o
 .debug_frame   0x0000326c      0x828 ./Drivers/STM32F4xx_HAL_Driver/Src/stm32f4xx_hal_spi.o
 .debug_frame   0x00003a94     0x11c0 ./Drivers/STM32F4xx_HAL_Driver/Src/stm32f4xx_hal_tim.o
 .debug_frame   0x00004c54      0x638 ./Drivers/STM32F4xx_HAL_Driver/Src/stm32f4xx_hal_tim_ex.o
 .debug_frame   0x0000528c       0x6c /Applications/STM32CubeIDE.app/Contents/Eclipse/plugins/com.st.stm32cube.ide.mcu.externaltools.gnu-tools-for-stm32.12.3.rel1.macos64_1.1.0.202410301201/tools/bin/../lib/gcc/arm-none-eabi/12.3.1/../../../../arm-none-eabi/lib/thumb/v7e-m+fp/hard/libc_nano.a(libc_a-sprintf.o)
 .debug_frame   0x000052f8      0x144 /Applications/STM32CubeIDE.app/Contents/Eclipse/plugins/com.st.stm32cube.ide.mcu.externaltools.gnu-tools-for-stm32.12.3.rel1.macos64_1.1.0.202410301201/tools/bin/../lib/gcc/arm-none-eabi/12.3.1/../../../../arm-none-eabi/lib/thumb/v7e-m+fp/hard/libc_nano.a(libc_a-findfp.o)
 .debug_frame   0x0000543c       0x20 /Applications/STM32CubeIDE.app/Contents/Eclipse/plugins/com.st.stm32cube.ide.mcu.externaltools.gnu-tools-for-stm32.12.3.rel1.macos64_1.1.0.202410301201/tools/bin/../lib/gcc/arm-none-eabi/12.3.1/../../../../arm-none-eabi/lib/thumb/v7e-m+fp/hard/libc_nano.a(libc_a-memset.o)
 .debug_frame   0x0000545c       0x20 /Applications/STM32CubeIDE.app/Contents/Eclipse/plugins/com.st.stm32cube.ide.mcu.externaltools.gnu-tools-for-stm32.12.3.rel1.macos64_1.1.0.202410301201/tools/bin/../lib/gcc/arm-none-eabi/12.3.1/../../../../arm-none-eabi/lib/thumb/v7e-m+fp/hard/libc_nano.a(libc_a-errno.o)
 .debug_frame   0x0000547c       0x2c /Applications/STM32CubeIDE.app/Contents/Eclipse/plugins/com.st.stm32cube.ide.mcu.externaltools.gnu-tools-for-stm32.12.3.rel1.macos64_1.1.0.202410301201/tools/bin/../lib/gcc/arm-none-eabi/12.3.1/../../../../arm-none-eabi/lib/thumb/v7e-m+fp/hard/libc_nano.a(libc_a-init.o)
 .debug_frame   0x000054a8       0xb0 /Applications/STM32CubeIDE.app/Contents/Eclipse/plugins/com.st.stm32cube.ide.mcu.externaltools.gnu-tools-for-stm32.12.3.rel1.macos64_1.1.0.202410301201/tools/bin/../lib/gcc/arm-none-eabi/12.3.1/../../../../arm-none-eabi/lib/thumb/v7e-m+fp/hard/libc_nano.a(libc_a-lock.o)